Archive member included to satisfy reference by file (symbol)

/home/hari/st/stm32cubeide_1.14.0/plugins/com.st.stm32cube.ide.mcu.externaltools.gnu-tools-for-stm32.13.3.rel1.linux64_1.0.0.202410170706/tools/bin/../lib/gcc/arm-none-eabi/13.3.1/../../../../arm-none-eabi/lib/thumb/v7e-m+fp/hard/libc_nano.a(libc_a-atoi.o)
                              ./Core/Src/main.o (atoi)
/home/hari/st/stm32cubeide_1.14.0/plugins/com.st.stm32cube.ide.mcu.externaltools.gnu-tools-for-stm32.13.3.rel1.linux64_1.0.0.202410170706/tools/bin/../lib/gcc/arm-none-eabi/13.3.1/../../../../arm-none-eabi/lib/thumb/v7e-m+fp/hard/libc_nano.a(libc_a-exit.o)
                              /home/hari/st/stm32cubeide_1.14.0/plugins/com.st.stm32cube.ide.mcu.externaltools.gnu-tools-for-stm32.13.3.rel1.linux64_1.0.0.202410170706/tools/bin/../lib/gcc/arm-none-eabi/13.3.1/../../../../arm-none-eabi/lib/thumb/v7e-m+fp/hard/crt0.o (exit)
/home/hari/st/stm32cubeide_1.14.0/plugins/com.st.stm32cube.ide.mcu.externaltools.gnu-tools-for-stm32.13.3.rel1.linux64_1.0.0.202410170706/tools/bin/../lib/gcc/arm-none-eabi/13.3.1/../../../../arm-none-eabi/lib/thumb/v7e-m+fp/hard/libc_nano.a(libc_a-malloc.o)
                              ./Middlewares/ST/STM32_USB_Device_Library/Class/CDC/Src/usbd_cdc.o (malloc)
/home/hari/st/stm32cubeide_1.14.0/plugins/com.st.stm32cube.ide.mcu.externaltools.gnu-tools-for-stm32.13.3.rel1.linux64_1.0.0.202410170706/tools/bin/../lib/gcc/arm-none-eabi/13.3.1/../../../../arm-none-eabi/lib/thumb/v7e-m+fp/hard/libc_nano.a(libc_a-mallocr.o)
                              /home/hari/st/stm32cubeide_1.14.0/plugins/com.st.stm32cube.ide.mcu.externaltools.gnu-tools-for-stm32.13.3.rel1.linux64_1.0.0.202410170706/tools/bin/../lib/gcc/arm-none-eabi/13.3.1/../../../../arm-none-eabi/lib/thumb/v7e-m+fp/hard/libc_nano.a(libc_a-malloc.o) (_malloc_r)
/home/hari/st/stm32cubeide_1.14.0/plugins/com.st.stm32cube.ide.mcu.externaltools.gnu-tools-for-stm32.13.3.rel1.linux64_1.0.0.202410170706/tools/bin/../lib/gcc/arm-none-eabi/13.3.1/../../../../arm-none-eabi/lib/thumb/v7e-m+fp/hard/libc_nano.a(libc_a-mlock.o)
                              /home/hari/st/stm32cubeide_1.14.0/plugins/com.st.stm32cube.ide.mcu.externaltools.gnu-tools-for-stm32.13.3.rel1.linux64_1.0.0.202410170706/tools/bin/../lib/gcc/arm-none-eabi/13.3.1/../../../../arm-none-eabi/lib/thumb/v7e-m+fp/hard/libc_nano.a(libc_a-mallocr.o) (__malloc_lock)
/home/hari/st/stm32cubeide_1.14.0/plugins/com.st.stm32cube.ide.mcu.externaltools.gnu-tools-for-stm32.13.3.rel1.linux64_1.0.0.202410170706/tools/bin/../lib/gcc/arm-none-eabi/13.3.1/../../../../arm-none-eabi/lib/thumb/v7e-m+fp/hard/libc_nano.a(libc_a-strtol.o)
                              /home/hari/st/stm32cubeide_1.14.0/plugins/com.st.stm32cube.ide.mcu.externaltools.gnu-tools-for-stm32.13.3.rel1.linux64_1.0.0.202410170706/tools/bin/../lib/gcc/arm-none-eabi/13.3.1/../../../../arm-none-eabi/lib/thumb/v7e-m+fp/hard/libc_nano.a(libc_a-atoi.o) (_strtol_r)
/home/hari/st/stm32cubeide_1.14.0/plugins/com.st.stm32cube.ide.mcu.externaltools.gnu-tools-for-stm32.13.3.rel1.linux64_1.0.0.202410170706/tools/bin/../lib/gcc/arm-none-eabi/13.3.1/../../../../arm-none-eabi/lib/thumb/v7e-m+fp/hard/libc_nano.a(libc_a-ctype_.o)
                              /home/hari/st/stm32cubeide_1.14.0/plugins/com.st.stm32cube.ide.mcu.externaltools.gnu-tools-for-stm32.13.3.rel1.linux64_1.0.0.202410170706/tools/bin/../lib/gcc/arm-none-eabi/13.3.1/../../../../arm-none-eabi/lib/thumb/v7e-m+fp/hard/libc_nano.a(libc_a-strtol.o) (_ctype_)
/home/hari/st/stm32cubeide_1.14.0/plugins/com.st.stm32cube.ide.mcu.externaltools.gnu-tools-for-stm32.13.3.rel1.linux64_1.0.0.202410170706/tools/bin/../lib/gcc/arm-none-eabi/13.3.1/../../../../arm-none-eabi/lib/thumb/v7e-m+fp/hard/libc_nano.a(libc_a-findfp.o)
                              /home/hari/st/stm32cubeide_1.14.0/plugins/com.st.stm32cube.ide.mcu.externaltools.gnu-tools-for-stm32.13.3.rel1.linux64_1.0.0.202410170706/tools/bin/../lib/gcc/arm-none-eabi/13.3.1/../../../../arm-none-eabi/lib/thumb/v7e-m+fp/hard/libc_nano.a(libc_a-exit.o) (__stdio_exit_handler)
/home/hari/st/stm32cubeide_1.14.0/plugins/com.st.stm32cube.ide.mcu.externaltools.gnu-tools-for-stm32.13.3.rel1.linux64_1.0.0.202410170706/tools/bin/../lib/gcc/arm-none-eabi/13.3.1/../../../../arm-none-eabi/lib/thumb/v7e-m+fp/hard/libc_nano.a(libc_a-fwalk.o)
                              /home/hari/st/stm32cubeide_1.14.0/plugins/com.st.stm32cube.ide.mcu.externaltools.gnu-tools-for-stm32.13.3.rel1.linux64_1.0.0.202410170706/tools/bin/../lib/gcc/arm-none-eabi/13.3.1/../../../../arm-none-eabi/lib/thumb/v7e-m+fp/hard/libc_nano.a(libc_a-findfp.o) (_fwalk_sglue)
/home/hari/st/stm32cubeide_1.14.0/plugins/com.st.stm32cube.ide.mcu.externaltools.gnu-tools-for-stm32.13.3.rel1.linux64_1.0.0.202410170706/tools/bin/../lib/gcc/arm-none-eabi/13.3.1/../../../../arm-none-eabi/lib/thumb/v7e-m+fp/hard/libc_nano.a(libc_a-stdio.o)
[...]
Memory Configuration

Name             Origin             Length             Attributes
RAM              0x20000000         0x00050000         xrw
FLASH            0x08000000         0x00100000         xr
*default*        0x00000000         0xffffffff

Linker script and memory map

LOAD /home/hari/st/stm32cubeide_1.14.0/plugins/com.st.stm32cube.ide.mcu.externaltools.gnu-tools-for-stm32.13.3.rel1.linux64_1.0.0.202410170706/tools/bin/../lib/gcc/arm-none-eabi/13.3.1/thumb/v7e-m+fp/hard/crti.o
LOAD /home/hari/st/stm32cubeide_1.14.0/plugins/com.st.stm32cube.ide.mcu.externaltools.gnu-tools-for-stm32.13.3.rel1.linux64_1.0.0.202410170706/tools/bin/../lib/gcc/arm-none-eabi/13.3.1/thumb/v7e-m+fp/hard/crtbegin.o
LOAD /home/hari/st/stm32cubeide_1.14.0/plugins/com.st.stm32cube.ide.mcu.externaltools.gnu-tools-for-stm32.13.3.rel1.linux64_1.0.0.202410170706/tools/bin/../lib/gcc/arm-none-eabi/13.3.1/../../../../arm-none-eabi/lib/thumb/v7e-m+fp/hard/crt0.o
LOAD ./Core/Src/FOC.o
LOAD ./Core/Src/arm_pid_init_f32.o
LOAD ./Core/Src/main.o
LOAD ./Core/Src/stm32f7xx_hal_msp.o
LOAD ./Core/Src/stm32f7xx_it.o
LOAD ./Core/Src/syscalls.o
LOAD ./Core/Src/sysmem.o
LOAD ./Core/Src/system_stm32f7xx.o
LOAD ./Core/Startup/startup_stm32f746zgtx.o
LOAD ./Drivers/STM32F7xx_HAL_Driver/Src/stm32f7xx_hal.o
LOAD ./Drivers/STM32F7xx_HAL_Driver/Src/stm32f7xx_hal_adc.o
LOAD ./Drivers/STM32F7xx_HAL_Driver/Src/stm32f7xx_hal_adc_ex.o
LOAD ./Drivers/STM32F7xx_HAL_Driver/Src/stm32f7xx_hal_can.o
LOAD ./Drivers/STM32F7xx_HAL_Driver/Src/stm32f7xx_hal_cortex.o
LOAD ./Drivers/STM32F7xx_HAL_Driver/Src/stm32f7xx_hal_dac.o
LOAD ./Drivers/STM32F7xx_HAL_Driver/Src/stm32f7xx_hal_dac_ex.o
LOAD ./Drivers/STM32F7xx_HAL_Driver/Src/stm32f7xx_hal_dma.o
LOAD ./Drivers/STM32F7xx_HAL_Driver/Src/stm32f7xx_hal_dma_ex.o
LOAD ./Drivers/STM32F7xx_HAL_Driver/Src/stm32f7xx_hal_exti.o
LOAD ./Drivers/STM32F7xx_HAL_Driver/Src/stm32f7xx_hal_flash.o
LOAD ./Drivers/STM32F7xx_HAL_Driver/Src/stm32f7xx_hal_flash_ex.o
LOAD ./Drivers/STM32F7xx_HAL_Driver/Src/stm32f7xx_hal_gpio.o
LOAD ./Drivers/STM32F7xx_HAL_Driver/Src/stm32f7xx_hal_i2c.o
LOAD ./Drivers/STM32F7xx_HAL_Driver/Src/stm32f7xx_hal_i2c_ex.o
LOAD ./Drivers/STM32F7xx_HAL_Driver/Src/stm32f7xx_hal_pcd.o
LOAD ./Drivers/STM32F7xx_HAL_Driver/Src/stm32f7xx_hal_pcd_ex.o
LOAD ./Drivers/STM32F7xx_HAL_Driver/Src/stm32f7xx_hal_pwr.o
LOAD ./Drivers/STM32F7xx_HAL_Driver/Src/stm32f7xx_hal_pwr_ex.o
LOAD ./Drivers/STM32F7xx_HAL_Driver/Src/stm32f7xx_hal_rcc.o
LOAD ./Drivers/STM32F7xx_HAL_Driver/Src/stm32f7xx_hal_rcc_ex.o
LOAD ./Drivers/STM32F7xx_HAL_Driver/Src/stm32f7xx_hal_smbus.o
LOAD ./Drivers/STM32F7xx_HAL_Driver/Src/stm32f7xx_hal_tim.o
LOAD ./Drivers/STM32F7xx_HAL_Driver/Src/stm32f7xx_hal_tim_ex.o
LOAD ./Drivers/STM32F7xx_HAL_Driver/Src/stm32f7xx_hal_uart.o
LOAD ./Drivers/STM32F7xx_HAL_Driver/Src/stm32f7xx_hal_uart_ex.o
LOAD ./Drivers/STM32F7xx_HAL_Driver/Src/stm32f7xx_hal_usart.o
LOAD ./Drivers/STM32F7xx_HAL_Driver/Src/stm32f7xx_ll_usb.o
LOAD ./Middlewares/ST/STM32_USB_Device_Library/Class/CDC/Src/usbd_cdc.o
LOAD ./Middlewares/ST/STM32_USB_Device_Library/Core/Src/usbd_core.o
LOAD ./Middlewares/ST/STM32_USB_Device_Library/Core/Src/usbd_ctlreq.o
LOAD ./Middlewares/ST/STM32_USB_Device_Library/Core/Src/usbd_ioreq.o
LOAD ./USB_DEVICE/App/usb_device.o
LOAD ./USB_DEVICE/App/usbd_cdc_if.o
LOAD ./USB_DEVICE/App/usbd_desc.o
LOAD ./USB_DEVICE/Target/usbd_conf.o
START GROUP
LOAD /home/hari/st/stm32cubeide_1.14.0/plugins/com.st.stm32cube.ide.mcu.externaltools.gnu-tools-for-stm32.13.3.rel1.linux64_1.0.0.202410170706/tools/bin/../lib/gcc/arm-none-eabi/13.3.1/../../../../arm-none-eabi/lib/thumb/v7e-m+fp/hard/libc_nano.a
LOAD /home/hari/st/stm32cubeide_1.14.0/plugins/com.st.stm32cube.ide.mcu.externaltools.gnu-tools-for-stm32.13.3.rel1.linux64_1.0.0.202410170706/tools/bin/../lib/gcc/arm-none-eabi/13.3.1/../../../../arm-none-eabi/lib/thumb/v7e-m+fp/hard/libm.a
END GROUP
START GROUP
LOAD /home/hari/st/stm32cubeide_1.14.0/plugins/com.st.stm32cube.ide.mcu.externaltools.gnu-tools-for-stm32.13.3.rel1.linux64_1.0.0.202410170706/tools/bin/../lib/gcc/arm-none-eabi/13.3.1/thumb/v7e-m+fp/hard/libgcc.a
LOAD /home/hari/st/stm32cubeide_1.14.0/plugins/com.st.stm32cube.ide.mcu.externaltools.gnu-tools-for-stm32.13.3.rel1.linux64_1.0.0.202410170706/tools/bin/../lib/gcc/arm-none-eabi/13.3.1/../../../../arm-none-eabi/lib/thumb/v7e-m+fp/hard/libc_nano.a
END GROUP
START GROUP
LOAD /home/hari/st/stm32cubeide_1.14.0/plugins/com.st.stm32cube.ide.mcu.externaltools.gnu-tools-for-stm32.13.3.rel1.linux64_1.0.0.202410170706/tools/bin/../lib/gcc/arm-none-eabi/13.3.1/thumb/v7e-m+fp/hard/libgcc.a
LOAD /home/hari/st/stm32cubeide_1.14.0/plugins/com.st.stm32cube.ide.mcu.externaltools.gnu-tools-for-stm32.13.3.rel1.linux64_1.0.0.202410170706/tools/bin/../lib/gcc/arm-none-eabi/13.3.1/../../../../arm-none-eabi/lib/thumb/v7e-m+fp/hard/libc_nano.a
LOAD /home/hari/st/stm32cubeide_1.14.0/plugins/com.st.stm32cube.ide.mcu.externaltools.gnu-tools-for-stm32.13.3.rel1.linux64_1.0.0.202410170706/tools/bin/../lib/gcc/arm-none-eabi/13.3.1/../../../../arm-none-eabi/lib/thumb/v7e-m+fp/hard/libnosys.a
END GROUP
START GROUP
LOAD /home/hari/st/stm32cubeide_1.14.0/plugins/com.st.stm32cube.ide.mcu.externaltools.gnu-tools-for-stm32.13.3.rel1.linux64_1.0.0.202410170706/tools/bin/../lib/gcc/arm-none-eabi/13.3.1/thumb/v7e-m+fp/hard/libgcc.a
LOAD /home/hari/st/stm32cubeide_1.14.0/plugins/com.st.stm32cube.ide.mcu.externaltools.gnu-tools-for-stm32.13.3.rel1.linux64_1.0.0.202410170706/tools/bin/../lib/gcc/arm-none-eabi/13.3.1/../../../../arm-none-eabi/lib/thumb/v7e-m+fp/hard/libc_nano.a
LOAD /home/hari/st/stm32cubeide_1.14.0/plugins/com.st.stm32cube.ide.mcu.externaltools.gnu-tools-for-stm32.13.3.rel1.linux64_1.0.0.202410170706/tools/bin/../lib/gcc/arm-none-eabi/13.3.1/../../../../arm-none-eabi/lib/thumb/v7e-m+fp/hard/libnosys.a
END GROUP
LOAD /home/hari/st/stm32cubeide_1.14.0/plugins/com.st.stm32cube.ide.mcu.externaltools.gnu-tools-for-stm32.13.3.rel1.linux64_1.0.0.202410170706/tools/bin/../lib/gcc/arm-none-eabi/13.3.1/thumb/v7e-m+fp/hard/crtend.o
LOAD /home/hari/st/stm32cubeide_1.14.0/plugins/com.st.stm32cube.ide.mcu.externaltools.gnu-tools-for-stm32.13.3.rel1.linux64_1.0.0.202410170706/tools/bin/../lib/gcc/arm-none-eabi/13.3.1/thumb/v7e-m+fp/hard/crtn.o
                0x20050000                        _estack = (ORIGIN (RAM) + LENGTH (RAM))
                0x00000200                        _Min_Heap_Size = 0x200
                0x00000400                        _Min_Stack_Size = 0x400

.isr_vector     0x08000000      0x1c8
                0x08000000                        . = ALIGN (0x4)
 *(.isr_vector)
 .isr_vector    0x08000000      0x1c8 ./Core/Startup/startup_stm32f746zgtx.o
                0x08000000                g_pfnVectors
                0x080001c8                        . = ALIGN (0x4)

.text           0x080001c8    0x113d0
                0x080001c8                        . = ALIGN (0x4)
 *(.text)
 .text          0x080001c8       0x40 /home/hari/st/stm32cubeide_1.14.0/plugins/com.st.stm32cube.ide.mcu.externaltools.gnu-tools-for-stm32.13.3.rel1.linux64_1.0.0.202410170706/tools/bin/../lib/gcc/arm-none-eabi/13.3.1/thumb/v7e-m+fp/hard/crtbegin.o
 .text          0x08000208      0x378 /home/hari/st/stm32cubeide_1.14.0/plugins/com.st.stm32cube.ide.mcu.externaltools.gnu-tools-for-stm32.13.3.rel1.linux64_1.0.0.202410170706/tools/bin/../lib/gcc/arm-none-eabi/13.3.1/thumb/v7e-m+fp/hard/libgcc.a(_arm_addsubdf3.o)
                0x08000208                __aeabi_drsub
                0x08000210                __aeabi_dsub
                0x08000210                __subdf3
                0x08000214                __adddf3
                0x08000214                __aeabi_dadd
                0x0800048c                __aeabi_ui2d
                0x0800048c                __floatunsidf
                0x080004ac                __floatsidf
                0x080004ac                __aeabi_i2d
                0x080004d0                __extendsfdf2
                0x080004d0                __aeabi_f2d
                0x08000514                __aeabi_ul2d
                0x08000514                __floatundidf
                0x08000524                __floatdidf
                0x08000524                __aeabi_l2d
 .text          0x08000580      0x424 /home/hari/st/stm32cubeide_1.14.0/plugins/com.st.stm32cube.ide.mcu.externaltools.gnu-tools-for-stm32.13.3.rel1.linux64_1.0.0.202410170706/tools/bin/../lib/gcc/arm-none-eabi/13.3.1/thumb/v7e-m+fp/hard/libgcc.a(_arm_muldivdf3.o)
                0x08000580                __aeabi_dmul
                0x08000580                __muldf3
                0x080007d4                __aeabi_ddiv
                0x080007d4                __divdf3
 .text          0x080009a4      0x110 /home/hari/st/stm32cubeide_1.14.0/plugins/com.st.stm32cube.ide.mcu.externaltools.gnu-tools-for-stm32.13.3.rel1.linux64_1.0.0.202410170706/tools/bin/../lib/gcc/arm-none-eabi/13.3.1/thumb/v7e-m+fp/hard/libgcc.a(_arm_cmpdf2.o)
                0x080009a4                __gtdf2
                0x080009a4                __gedf2
                0x080009ac                __ltdf2
                0x080009ac                __ledf2
                0x080009b4                __cmpdf2
                0x080009b4                __eqdf2
                0x080009b4                __nedf2
                0x08000a30                __aeabi_cdrcmple
                0x08000a40                __aeabi_cdcmple
                0x08000a40                __aeabi_cdcmpeq
                0x08000a50                __aeabi_dcmpeq
                0x08000a64                __aeabi_dcmplt
                0x08000a78                __aeabi_dcmple
                0x08000a8c                __aeabi_dcmpge
                0x08000aa0                __aeabi_dcmpgt
 .text          0x08000ab4       0x2c /home/hari/st/stm32cubeide_1.14.0/plugins/com.st.stm32cube.ide.mcu.externaltools.gnu-tools-for-stm32.13.3.rel1.linux64_1.0.0.202410170706/tools/bin/../lib/gcc/arm-none-eabi/13.3.1/thumb/v7e-m+fp/hard/libgcc.a(_arm_unorddf2.o)
                0x08000ab4                __aeabi_dcmpun
                0x08000ab4                __unorddf2
 .text          0x08000ae0       0x50 /home/hari/st/stm32cubeide_1.14.0/plugins/com.st.stm32cube.ide.mcu.externaltools.gnu-tools-for-stm32.13.3.rel1.linux64_1.0.0.202410170706/tools/bin/../lib/gcc/arm-none-eabi/13.3.1/thumb/v7e-m+fp/hard/libgcc.a(_arm_fixdfsi.o)
                0x08000ae0                __fixdfsi
                0x08000ae0                __aeabi_d2iz
 .text          0x08000b30       0x40 /home/hari/st/stm32cubeide_1.14.0/plugins/com.st.stm32cube.ide.mcu.externaltools.gnu-tools-for-stm32.13.3.rel1.linux64_1.0.0.202410170706/tools/bin/../lib/gcc/arm-none-eabi/13.3.1/thumb/v7e-m+fp/hard/libgcc.a(_arm_fixunsdfsi.o)
                0x08000b30                __fixunsdfsi
                0x08000b30                __aeabi_d2uiz
 .text          0x08000b70       0xa0 /home/hari/st/stm32cubeide_1.14.0/plugins/com.st.stm32cube.ide.mcu.externaltools.gnu-tools-for-stm32.13.3.rel1.linux64_1.0.0.202410170706/tools/bin/../lib/gcc/arm-none-eabi/13.3.1/thumb/v7e-m+fp/hard/libgcc.a(_arm_truncdfsf2.o)
                0x08000b70                __aeabi_d2f
                0x08000b70                __truncdfsf2
 .text          0x08000c10       0x30 /home/hari/st/stm32cubeide_1.14.0/plugins/com.st.stm32cube.ide.mcu.externaltools.gnu-tools-for-stm32.13.3.rel1.linux64_1.0.0.202410170706/tools/bin/../lib/gcc/arm-none-eabi/13.3.1/thumb/v7e-m+fp/hard/libgcc.a(_aeabi_uldivmod.o)
                0x08000c10                __aeabi_uldivmod
 .text          0x08000c40      0x2f8 /home/hari/st/stm32cubeide_1.14.0/plugins/com.st.stm32cube.ide.mcu.externaltools.gnu-tools-for-stm32.13.3.rel1.linux64_1.0.0.202410170706/tools/bin/../lib/gcc/arm-none-eabi/13.3.1/thumb/v7e-m+fp/hard/libgcc.a(_udivmoddi4.o)
                0x08000c40                __udivmoddi4
 .text          0x08000f38        0x4 /home/hari/st/stm32cubeide_1.14.0/plugins/com.st.stm32cube.ide.mcu.externaltools.gnu-tools-for-stm32.13.3.rel1.linux64_1.0.0.202410170706/tools/bin/../lib/gcc/arm-none-eabi/13.3.1/thumb/v7e-m+fp/hard/libgcc.a(_dvmd_tls.o)
                0x08000f38                __aeabi_ldiv0
                0x08000f38                __aeabi_idiv0
 *(.text*)
 *fill*         0x08000f3c        0x4 
 .text.get_sector
                0x08000f40       0x64 ./Core/Src/FOC.o
                0x08000f40                get_sector
 *fill*         0x08000fa4        0x4 
 .text.shaftAngle
                0x08000fa8       0x5c ./Core/Src/FOC.o
                0x08000fa8                shaftAngle
 *fill*         0x08001004        0x4 
 .text.electricalAngle
                0x08001008       0x90 ./Core/Src/FOC.o
                0x08001008                electricalAngle
 .text.SVPWM    0x08001098      0x47c ./Core/Src/FOC.o
                0x08001098                SVPWM
 .text.arm_pid_init_f32
                0x08001514       0x6c ./Core/Src/arm_pid_init_f32.o
                0x08001514                arm_pid_init_f32
 .text.main     0x08001580     0x1580 ./Core/Src/main.o
                0x08001580                main
 .text.SystemClock_Config
                0x08002b00       0xdc ./Core/Src/main.o
                0x08002b00                SystemClock_Config
 .text.MX_ADC1_Init
                0x08002bdc       0xe0 ./Core/Src/main.o
 .text.MX_ADC3_Init
                0x08002cbc      0x130 ./Core/Src/main.o
 .text.MX_CAN1_Init
                0x08002dec       0x6c ./Core/Src/main.o
 .text.MX_DAC_Init
                0x08002e58       0x68 ./Core/Src/main.o
 .text.MX_I2C2_SMBUS_Init
                0x08002ec0       0x84 ./Core/Src/main.o
 .text.MX_TIM1_Init
                0x08002f44      0x18c ./Core/Src/main.o
 .text.MX_TIM2_Init
                0x080030d0       0x9c ./Core/Src/main.o
 .text.MX_TIM3_Init
                0x0800316c       0xac ./Core/Src/main.o
 .text.MX_TIM4_Init
                0x08003218       0xac ./Core/Src/main.o
 .text.MX_TIM5_Init
                0x080032c4      0x100 ./Core/Src/main.o
 .text.MX_TIM8_Init
                0x080033c4      0x150 ./Core/Src/main.o
 .text.MX_TIM12_Init
                0x08003514       0x78 ./Core/Src/main.o
 .text.MX_USART2_Init
                0x0800358c       0x58 ./Core/Src/main.o
 .text.MX_USART3_UART_Init
                0x080035e4       0x60 ./Core/Src/main.o
 .text.MX_DMA_Init
                0x08003644       0x3c ./Core/Src/main.o
 .text.MX_GPIO_Init
                0x08003680      0x224 ./Core/Src/main.o
 .text.Error_Handler
                0x080038a4        0xc ./Core/Src/main.o
                0x080038a4                Error_Handler
 .text.HAL_MspInit
                0x080038b0       0x48 ./Core/Src/stm32f7xx_hal_msp.o
                0x080038b0                HAL_MspInit
 .text.HAL_ADC_MspInit
                0x080038f8      0x148 ./Core/Src/stm32f7xx_hal_msp.o
                0x080038f8                HAL_ADC_MspInit
 .text.HAL_CAN_MspInit
                0x08003a40       0x88 ./Core/Src/stm32f7xx_hal_msp.o
                0x08003a40                HAL_CAN_MspInit
 .text.HAL_DAC_MspInit
                0x08003ac8       0x80 ./Core/Src/stm32f7xx_hal_msp.o
                0x08003ac8                HAL_DAC_MspInit
 .text.HAL_SMBUS_MspInit
                0x08003b48       0xbc ./Core/Src/stm32f7xx_hal_msp.o
                0x08003b48                HAL_SMBUS_MspInit
 .text.HAL_TIM_Base_MspInit
                0x08003c04      0x138 ./Core/Src/stm32f7xx_hal_msp.o
                0x08003c04                HAL_TIM_Base_MspInit
 .text.HAL_TIM_Encoder_MspInit
                0x08003d3c       0xec ./Core/Src/stm32f7xx_hal_msp.o
                0x08003d3c                HAL_TIM_Encoder_MspInit
 .text.HAL_TIM_OC_MspInit
                0x08003e28       0x40 ./Core/Src/stm32f7xx_hal_msp.o
                0x08003e28                HAL_TIM_OC_MspInit
 .text.HAL_TIM_MspPostInit
                0x08003e68      0x180 ./Core/Src/stm32f7xx_hal_msp.o
                0x08003e68                HAL_TIM_MspPostInit
 .text.HAL_USART_MspInit
                0x08003fe8       0xbc ./Core/Src/stm32f7xx_hal_msp.o
                0x08003fe8                HAL_USART_MspInit
 .text.HAL_UART_MspInit
                0x080040a4       0xc0 ./Core/Src/stm32f7xx_hal_msp.o
                0x080040a4                HAL_UART_MspInit
 .text.NMI_Handler
                0x08004164        0x8 ./Core/Src/stm32f7xx_it.o
                0x08004164                NMI_Handler
 .text.HardFault_Handler
                0x0800416c        0x8 ./Core/Src/stm32f7xx_it.o
                0x0800416c                HardFault_Handler
 .text.MemManage_Handler
                0x08004174        0x8 ./Core/Src/stm32f7xx_it.o
                0x08004174                MemManage_Handler
 .text.BusFault_Handler
                0x0800417c        0x8 ./Core/Src/stm32f7xx_it.o
                0x0800417c                BusFault_Handler
 .text.UsageFault_Handler
                0x08004184        0x8 ./Core/Src/stm32f7xx_it.o
                0x08004184                UsageFault_Handler
 .text.SVC_Handler
                0x0800418c        0xe ./Core/Src/stm32f7xx_it.o
                0x0800418c                SVC_Handler
 .text.DebugMon_Handler
                0x0800419a        0xe ./Core/Src/stm32f7xx_it.o
                0x0800419a                DebugMon_Handler
 .text.PendSV_Handler
                0x080041a8        0xe ./Core/Src/stm32f7xx_it.o
                0x080041a8                PendSV_Handler
 .text.SysTick_Handler
                0x080041b6        0xc ./Core/Src/stm32f7xx_it.o
                0x080041b6                SysTick_Handler
 *fill*         0x080041c2        0x2 
 .text.DMA2_Stream0_IRQHandler
                0x080041c4       0x14 ./Core/Src/stm32f7xx_it.o
                0x080041c4                DMA2_Stream0_IRQHandler
 .text.OTG_FS_IRQHandler
                0x080041d8       0x14 ./Core/Src/stm32f7xx_it.o
                0x080041d8                OTG_FS_IRQHandler
 .text._sbrk    0x080041ec       0x6c ./Core/Src/sysmem.o
                0x080041ec                _sbrk
 .text.SystemInit
                0x08004258       0x24 ./Core/Src/system_stm32f7xx.o
                0x08004258                SystemInit
 .text.Reset_Handler
                0x0800427c       0x50 ./Core/Startup/startup_stm32f746zgtx.o
                0x0800427c                Reset_Handler
 .text.Default_Handler
                0x080042cc        0x2 ./Core/Startup/startup_stm32f746zgtx.o
                0x080042cc                RTC_Alarm_IRQHandler
                0x080042cc                EXTI2_IRQHandler
                0x080042cc                TIM8_CC_IRQHandler
                0x080042cc                UART8_IRQHandler
                0x080042cc                SPI4_IRQHandler
                0x080042cc                TIM1_CC_IRQHandler
                0x080042cc                DMA2_Stream5_IRQHandler
                0x080042cc                DMA1_Stream5_IRQHandler
                0x080042cc                PVD_IRQHandler
                0x080042cc                TAMP_STAMP_IRQHandler
                0x080042cc                CAN2_RX1_IRQHandler
                0x080042cc                EXTI3_IRQHandler
                0x080042cc                TIM8_TRG_COM_TIM14_IRQHandler
                0x080042cc                TIM1_UP_TIM10_IRQHandler
                0x080042cc                TIM8_UP_TIM13_IRQHandler
                0x080042cc                I2C3_ER_IRQHandler
                0x080042cc                EXTI0_IRQHandler
                0x080042cc                I2C2_EV_IRQHandler
                0x080042cc                DMA1_Stream2_IRQHandler
                0x080042cc                CAN1_RX0_IRQHandler
                0x080042cc                FPU_IRQHandler
                0x080042cc                OTG_HS_WKUP_IRQHandler
                0x080042cc                LTDC_ER_IRQHandler
                0x080042cc                CAN2_SCE_IRQHandler
                0x080042cc                DMA2_Stream2_IRQHandler
                0x080042cc                SPI1_IRQHandler
                0x080042cc                TIM6_DAC_IRQHandler
                0x080042cc                TIM1_BRK_TIM9_IRQHandler
                0x080042cc                DCMI_IRQHandler
                0x080042cc                CAN2_RX0_IRQHandler
                0x080042cc                DMA2_Stream3_IRQHandler
                0x080042cc                SAI2_IRQHandler
                0x080042cc                USART6_IRQHandler
                0x080042cc                USART3_IRQHandler
                0x080042cc                CAN1_RX1_IRQHandler
                0x080042cc                UART5_IRQHandler
                0x080042cc                TIM4_IRQHandler
                0x080042cc                QUADSPI_IRQHandler
                0x080042cc                I2C1_EV_IRQHandler
                0x080042cc                DMA1_Stream6_IRQHandler
                0x080042cc                DMA1_Stream1_IRQHandler
                0x080042cc                UART4_IRQHandler
                0x080042cc                TIM3_IRQHandler
                0x080042cc                RCC_IRQHandler
                0x080042cc                TIM8_BRK_TIM12_IRQHandler
                0x080042cc                Default_Handler
                0x080042cc                CEC_IRQHandler
                0x080042cc                EXTI15_10_IRQHandler
                0x080042cc                ADC_IRQHandler
                0x080042cc                DMA1_Stream7_IRQHandler
                0x080042cc                SPI5_IRQHandler
                0x080042cc                TIM7_IRQHandler
                0x080042cc                SDMMC1_IRQHandler
                0x080042cc                CAN2_TX_IRQHandler
                0x080042cc                TIM5_IRQHandler
                0x080042cc                DMA2_Stream7_IRQHandler
                0x080042cc                I2C3_EV_IRQHandler
                0x080042cc                EXTI9_5_IRQHandler
                0x080042cc                RTC_WKUP_IRQHandler
                0x080042cc                LTDC_IRQHandler
                0x080042cc                ETH_WKUP_IRQHandler
                0x080042cc                SPDIF_RX_IRQHandler
                0x080042cc                SPI2_IRQHandler
                0x080042cc                OTG_HS_EP1_IN_IRQHandler
                0x080042cc                DMA1_Stream0_IRQHandler
                0x080042cc                CAN1_TX_IRQHandler
                0x080042cc                EXTI4_IRQHandler
                0x080042cc                RNG_IRQHandler
                0x080042cc                ETH_IRQHandler
                0x080042cc                OTG_HS_EP1_OUT_IRQHandler
                0x080042cc                WWDG_IRQHandler
                0x080042cc                SPI6_IRQHandler
                0x080042cc                I2C4_EV_IRQHandler
                0x080042cc                TIM2_IRQHandler
                0x080042cc                OTG_FS_WKUP_IRQHandler
                0x080042cc                TIM1_TRG_COM_TIM11_IRQHandler
                0x080042cc                OTG_HS_IRQHandler
                0x080042cc                DMA2D_IRQHandler
                0x080042cc                EXTI1_IRQHandler
                0x080042cc                UART7_IRQHandler
                0x080042cc                USART2_IRQHandler
                0x080042cc                I2C2_ER_IRQHandler
                0x080042cc                DMA2_Stream1_IRQHandler
                0x080042cc                CAN1_SCE_IRQHandler
                0x080042cc                FLASH_IRQHandler
                0x080042cc                DMA2_Stream4_IRQHandler
                0x080042cc                USART1_IRQHandler
                0x080042cc                SPI3_IRQHandler
                0x080042cc                DMA1_Stream4_IRQHandler
                0x080042cc                I2C1_ER_IRQHandler
                0x080042cc                FMC_IRQHandler
                0x080042cc                LPTIM1_IRQHandler
                0x080042cc                I2C4_ER_IRQHandler
                0x080042cc                DMA2_Stream6_IRQHandler
                0x080042cc                SAI1_IRQHandler
                0x080042cc                DMA1_Stream3_IRQHandler
 .text.HAL_Init
                0x080042ce       0x1a ./Drivers/STM32F7xx_HAL_Driver/Src/stm32f7xx_hal.o
                0x080042ce                HAL_Init
 .text.HAL_InitTick
                0x080042e8       0x60 ./Drivers/STM32F7xx_HAL_Driver/Src/stm32f7xx_hal.o
                0x080042e8                HAL_InitTick
 .text.HAL_IncTick
                0x08004348       0x28 ./Drivers/STM32F7xx_HAL_Driver/Src/stm32f7xx_hal.o
                0x08004348                HAL_IncTick
 .text.HAL_GetTick
                0x08004370       0x18 ./Drivers/STM32F7xx_HAL_Driver/Src/stm32f7xx_hal.o
                0x08004370                HAL_GetTick
 .text.HAL_Delay
                0x08004388       0x48 ./Drivers/STM32F7xx_HAL_Driver/Src/stm32f7xx_hal.o
                0x08004388                HAL_Delay
 .text.HAL_ADC_Init
                0x080043d0       0x88 ./Drivers/STM32F7xx_HAL_Driver/Src/stm32f7xx_hal_adc.o
                0x080043d0                HAL_ADC_Init
 .text.HAL_ADC_Start_DMA
                0x08004458      0x1f4 ./Drivers/STM32F7xx_HAL_Driver/Src/stm32f7xx_hal_adc.o
                0x08004458                HAL_ADC_Start_DMA
 .text.HAL_ADC_ConvCpltCallback
                0x0800464c       0x14 ./Drivers/STM32F7xx_HAL_Driver/Src/stm32f7xx_hal_adc.o
                0x0800464c                HAL_ADC_ConvCpltCallback
 .text.HAL_ADC_ConvHalfCpltCallback
                0x08004660       0x14 ./Drivers/STM32F7xx_HAL_Driver/Src/stm32f7xx_hal_adc.o
                0x08004660                HAL_ADC_ConvHalfCpltCallback
 .text.HAL_ADC_ErrorCallback
                0x08004674       0x14 ./Drivers/STM32F7xx_HAL_Driver/Src/stm32f7xx_hal_adc.o
                0x08004674                HAL_ADC_ErrorCallback
 .text.HAL_ADC_ConfigChannel
                0x08004688      0x2ac ./Drivers/STM32F7xx_HAL_Driver/Src/stm32f7xx_hal_adc.o
                0x08004688                HAL_ADC_ConfigChannel
 .text.ADC_Init
                0x08004934      0x1f4 ./Drivers/STM32F7xx_HAL_Driver/Src/stm32f7xx_hal_adc.o
 .text.ADC_DMAConvCplt
                0x08004b28       0xba ./Drivers/STM32F7xx_HAL_Driver/Src/stm32f7xx_hal_adc.o
 .text.ADC_DMAHalfConvCplt
                0x08004be2       0x1c ./Drivers/STM32F7xx_HAL_Driver/Src/stm32f7xx_hal_adc.o
 .text.ADC_DMAError
                0x08004bfe       0x2e ./Drivers/STM32F7xx_HAL_Driver/Src/stm32f7xx_hal_adc.o
 .text.HAL_CAN_Init
                0x08004c2c      0x1f6 ./Drivers/STM32F7xx_HAL_Driver/Src/stm32f7xx_hal_can.o
                0x08004c2c                HAL_CAN_Init
 *fill*         0x08004e22        0x2 
 .text.__NVIC_SetPriorityGrouping
                0x08004e24       0x48 ./Drivers/STM32F7xx_HAL_Driver/Src/stm32f7xx_hal_cortex.o
 .text.__NVIC_GetPriorityGrouping
                0x08004e6c       0x1c ./Drivers/STM32F7xx_HAL_Driver/Src/stm32f7xx_hal_cortex.o
 .text.__NVIC_EnableIRQ
                0x08004e88       0x3c ./Drivers/STM32F7xx_HAL_Driver/Src/stm32f7xx_hal_cortex.o
 .text.__NVIC_SetPriority
                0x08004ec4       0x54 ./Drivers/STM32F7xx_HAL_Driver/Src/stm32f7xx_hal_cortex.o
 .text.NVIC_EncodePriority
                0x08004f18       0x66 ./Drivers/STM32F7xx_HAL_Driver/Src/stm32f7xx_hal_cortex.o
 *fill*         0x08004f7e        0x2 
 .text.SysTick_Config
                0x08004f80       0x44 ./Drivers/STM32F7xx_HAL_Driver/Src/stm32f7xx_hal_cortex.o
 .text.HAL_NVIC_SetPriorityGrouping
                0x08004fc4       0x16 ./Drivers/STM32F7xx_HAL_Driver/Src/stm32f7xx_hal_cortex.o
                0x08004fc4                HAL_NVIC_SetPriorityGrouping
 .text.HAL_NVIC_SetPriority
                0x08004fda       0x38 ./Drivers/STM32F7xx_HAL_Driver/Src/stm32f7xx_hal_cortex.o
                0x08004fda                HAL_NVIC_SetPriority
 .text.HAL_NVIC_EnableIRQ
                0x08005012       0x1c ./Drivers/STM32F7xx_HAL_Driver/Src/stm32f7xx_hal_cortex.o
                0x08005012                HAL_NVIC_EnableIRQ
 .text.HAL_SYSTICK_Config
                0x0800502e       0x18 ./Drivers/STM32F7xx_HAL_Driver/Src/stm32f7xx_hal_cortex.o
                0x0800502e                HAL_SYSTICK_Config
 .text.HAL_DAC_Init
                0x08005046       0x44 ./Drivers/STM32F7xx_HAL_Driver/Src/stm32f7xx_hal_dac.o
                0x08005046                HAL_DAC_Init
 .text.HAL_DAC_SetValue
                0x0800508a       0x4a ./Drivers/STM32F7xx_HAL_Driver/Src/stm32f7xx_hal_dac.o
                0x0800508a                HAL_DAC_SetValue
 .text.HAL_DAC_ConfigChannel
                0x080050d4       0x9e ./Drivers/STM32F7xx_HAL_Driver/Src/stm32f7xx_hal_dac.o
                0x080050d4                HAL_DAC_ConfigChannel
 *fill*         0x08005172        0x2 
 .text.HAL_DMA_Init
                0x08005174      0x15c ./Drivers/STM32F7xx_HAL_Driver/Src/stm32f7xx_hal_dma.o
                0x08005174                HAL_DMA_Init
 .text.HAL_DMA_Start_IT
                0x080052d0       0xc0 ./Drivers/STM32F7xx_HAL_Driver/Src/stm32f7xx_hal_dma.o
                0x080052d0                HAL_DMA_Start_IT
 .text.HAL_DMA_IRQHandler
                0x08005390      0x314 ./Drivers/STM32F7xx_HAL_Driver/Src/stm32f7xx_hal_dma.o
                0x08005390                HAL_DMA_IRQHandler
 .text.DMA_SetConfig
                0x080056a4       0x5c ./Drivers/STM32F7xx_HAL_Driver/Src/stm32f7xx_hal_dma.o
 .text.DMA_CalcBaseAndBitshift
                0x08005700       0x6c ./Drivers/STM32F7xx_HAL_Driver/Src/stm32f7xx_hal_dma.o
 .text.DMA_CheckFifoParam
                0x0800576c       0xf8 ./Drivers/STM32F7xx_HAL_Driver/Src/stm32f7xx_hal_dma.o
 .text.HAL_GPIO_Init
                0x08005864      0x358 ./Drivers/STM32F7xx_HAL_Driver/Src/stm32f7xx_hal_gpio.o
                0x08005864                HAL_GPIO_Init
 .text.HAL_GPIO_WritePin
                0x08005bbc       0x32 ./Drivers/STM32F7xx_HAL_Driver/Src/stm32f7xx_hal_gpio.o
                0x08005bbc                HAL_GPIO_WritePin
 .text.HAL_PCD_Init
                0x08005bee      0x248 ./Drivers/STM32F7xx_HAL_Driver/Src/stm32f7xx_hal_pcd.o
                0x08005bee                HAL_PCD_Init
 .text.HAL_PCD_Start
                0x08005e36       0x44 ./Drivers/STM32F7xx_HAL_Driver/Src/stm32f7xx_hal_pcd.o
                0x08005e36                HAL_PCD_Start
 .text.HAL_PCD_IRQHandler
                0x08005e7a      0x998 ./Drivers/STM32F7xx_HAL_Driver/Src/stm32f7xx_hal_pcd.o
                0x08005e7a                HAL_PCD_IRQHandler
 .text.HAL_PCD_SetAddress
                0x08006812       0x4a ./Drivers/STM32F7xx_HAL_Driver/Src/stm32f7xx_hal_pcd.o
                0x08006812                HAL_PCD_SetAddress
 .text.HAL_PCD_EP_Open
                0x0800685c       0xd0 ./Drivers/STM32F7xx_HAL_Driver/Src/stm32f7xx_hal_pcd.o
                0x0800685c                HAL_PCD_EP_Open
 .text.HAL_PCD_EP_Close
                0x0800692c       0x94 ./Drivers/STM32F7xx_HAL_Driver/Src/stm32f7xx_hal_pcd.o
                0x0800692c                HAL_PCD_EP_Close
 .text.HAL_PCD_EP_Receive
                0x080069c0       0x96 ./Drivers/STM32F7xx_HAL_Driver/Src/stm32f7xx_hal_pcd.o
                0x080069c0                HAL_PCD_EP_Receive
 .text.HAL_PCD_EP_GetRxCount
                0x08006a56       0x30 ./Drivers/STM32F7xx_HAL_Driver/Src/stm32f7xx_hal_pcd.o
                0x08006a56                HAL_PCD_EP_GetRxCount
 .text.HAL_PCD_EP_Transmit
                0x08006a86       0x94 ./Drivers/STM32F7xx_HAL_Driver/Src/stm32f7xx_hal_pcd.o
                0x08006a86                HAL_PCD_EP_Transmit
 .text.HAL_PCD_EP_SetStall
                0x08006b1a       0xc8 ./Drivers/STM32F7xx_HAL_Driver/Src/stm32f7xx_hal_pcd.o
                0x08006b1a                HAL_PCD_EP_SetStall
 .text.HAL_PCD_EP_ClrStall
                0x08006be2       0xac ./Drivers/STM32F7xx_HAL_Driver/Src/stm32f7xx_hal_pcd.o
                0x08006be2                HAL_PCD_EP_ClrStall
 .text.HAL_PCD_EP_Abort
                0x08006c8e       0x62 ./Drivers/STM32F7xx_HAL_Driver/Src/stm32f7xx_hal_pcd.o
                0x08006c8e                HAL_PCD_EP_Abort
 .text.PCD_WriteEmptyTxFifo
                0x08006cf0      0x11a ./Drivers/STM32F7xx_HAL_Driver/Src/stm32f7xx_hal_pcd.o
 *fill*         0x08006e0a        0x2 
 .text.PCD_EP_OutXfrComplete_int
                0x08006e0c      0x1d0 ./Drivers/STM32F7xx_HAL_Driver/Src/stm32f7xx_hal_pcd.o
 .text.PCD_EP_OutSetupPacket_int
                0x08006fdc       0x8c ./Drivers/STM32F7xx_HAL_Driver/Src/stm32f7xx_hal_pcd.o
 .text.HAL_PCDEx_SetTxFiFo
                0x08007068       0x8e ./Drivers/STM32F7xx_HAL_Driver/Src/stm32f7xx_hal_pcd_ex.o
                0x08007068                HAL_PCDEx_SetTxFiFo
 .text.HAL_PCDEx_SetRxFiFo
                0x080070f6       0x22 ./Drivers/STM32F7xx_HAL_Driver/Src/stm32f7xx_hal_pcd_ex.o
                0x080070f6                HAL_PCDEx_SetRxFiFo
 .text.HAL_PCDEx_ActivateLPM
                0x08007118       0x48 ./Drivers/STM32F7xx_HAL_Driver/Src/stm32f7xx_hal_pcd_ex.o
                0x08007118                HAL_PCDEx_ActivateLPM
 .text.HAL_PWR_EnableBkUpAccess
                0x08007160       0x20 ./Drivers/STM32F7xx_HAL_Driver/Src/stm32f7xx_hal_pwr.o
                0x08007160                HAL_PWR_EnableBkUpAccess
 .text.HAL_PWREx_EnableOverDrive
                0x08007180       0xa0 ./Drivers/STM32F7xx_HAL_Driver/Src/stm32f7xx_hal_pwr_ex.o
                0x08007180                HAL_PWREx_EnableOverDrive
 .text.HAL_RCC_OscConfig
                0x08007220      0x548 ./Drivers/STM32F7xx_HAL_Driver/Src/stm32f7xx_hal_rcc.o
                0x08007220                HAL_RCC_OscConfig
 .text.HAL_RCC_ClockConfig
                0x08007768      0x1d8 ./Drivers/STM32F7xx_HAL_Driver/Src/stm32f7xx_hal_rcc.o
                0x08007768                HAL_RCC_ClockConfig
 .text.HAL_RCC_GetSysClockFreq
                0x08007940      0x20c ./Drivers/STM32F7xx_HAL_Driver/Src/stm32f7xx_hal_rcc.o
                0x08007940                HAL_RCC_GetSysClockFreq
 .text.HAL_RCC_GetHCLKFreq
                0x08007b4c       0x18 ./Drivers/STM32F7xx_HAL_Driver/Src/stm32f7xx_hal_rcc.o
                0x08007b4c                HAL_RCC_GetHCLKFreq
 .text.HAL_RCC_GetPCLK1Freq
                0x08007b64       0x28 ./Drivers/STM32F7xx_HAL_Driver/Src/stm32f7xx_hal_rcc.o
                0x08007b64                HAL_RCC_GetPCLK1Freq
 .text.HAL_RCC_GetPCLK2Freq
                0x08007b8c       0x28 ./Drivers/STM32F7xx_HAL_Driver/Src/stm32f7xx_hal_rcc.o
                0x08007b8c                HAL_RCC_GetPCLK2Freq
 .text.HAL_RCCEx_PeriphCLKConfig
                0x08007bb4      0x7e0 ./Drivers/STM32F7xx_HAL_Driver/Src/stm32f7xx_hal_rcc_ex.o
                0x08007bb4                HAL_RCCEx_PeriphCLKConfig
 .text.HAL_SMBUS_Init
                0x08008394      0x170 ./Drivers/STM32F7xx_HAL_Driver/Src/stm32f7xx_hal_smbus.o
                0x08008394                HAL_SMBUS_Init
 .text.HAL_SMBUS_EnableAlert_IT
                0x08008504       0x34 ./Drivers/STM32F7xx_HAL_Driver/Src/stm32f7xx_hal_smbus.o
                0x08008504                HAL_SMBUS_EnableAlert_IT
 .text.SMBUS_Enable_IRQ
                0x08008538       0x72 ./Drivers/STM32F7xx_HAL_Driver/Src/stm32f7xx_hal_smbus.o
 .text.HAL_TIM_Base_Init
                0x080085aa       0xae ./Drivers/STM32F7xx_HAL_Driver/Src/stm32f7xx_hal_tim.o
                0x080085aa                HAL_TIM_Base_Init
 .text.HAL_TIM_Base_Start
                0x08008658       0xe0 ./Drivers/STM32F7xx_HAL_Driver/Src/stm32f7xx_hal_tim.o
                0x08008658                HAL_TIM_Base_Start
 .text.HAL_TIM_OC_Init
                0x08008738       0xae ./Drivers/STM32F7xx_HAL_Driver/Src/stm32f7xx_hal_tim.o
                0x08008738                HAL_TIM_OC_Init
 .text.HAL_TIM_PWM_Init
                0x080087e6       0xae ./Drivers/STM32F7xx_HAL_Driver/Src/stm32f7xx_hal_tim.o
                0x080087e6                HAL_TIM_PWM_Init
 .text.HAL_TIM_PWM_MspInit
                0x08008894       0x14 ./Drivers/STM32F7xx_HAL_Driver/Src/stm32f7xx_hal_tim.o
                0x08008894                HAL_TIM_PWM_MspInit
 .text.HAL_TIM_PWM_Start
                0x080088a8      0x1f4 ./Drivers/STM32F7xx_HAL_Driver/Src/stm32f7xx_hal_tim.o
                0x080088a8                HAL_TIM_PWM_Start
 .text.HAL_TIM_OnePulse_Init
                0x08008a9c       0xa0 ./Drivers/STM32F7xx_HAL_Driver/Src/stm32f7xx_hal_tim.o
                0x08008a9c                HAL_TIM_OnePulse_Init
 .text.HAL_TIM_OnePulse_MspInit
                0x08008b3c       0x14 ./Drivers/STM32F7xx_HAL_Driver/Src/stm32f7xx_hal_tim.o
                0x08008b3c                HAL_TIM_OnePulse_MspInit
 .text.HAL_TIM_OnePulse_Start
                0x08008b50       0xc4 ./Drivers/STM32F7xx_HAL_Driver/Src/stm32f7xx_hal_tim.o
                0x08008b50                HAL_TIM_OnePulse_Start
 .text.HAL_TIM_Encoder_Init
                0x08008c14      0x14c ./Drivers/STM32F7xx_HAL_Driver/Src/stm32f7xx_hal_tim.o
                0x08008c14                HAL_TIM_Encoder_Init
 .text.HAL_TIM_Encoder_Start
                0x08008d60      0x11c ./Drivers/STM32F7xx_HAL_Driver/Src/stm32f7xx_hal_tim.o
                0x08008d60                HAL_TIM_Encoder_Start
 .text.HAL_TIM_OC_ConfigChannel
                0x08008e7c       0xf4 ./Drivers/STM32F7xx_HAL_Driver/Src/stm32f7xx_hal_tim.o
                0x08008e7c                HAL_TIM_OC_ConfigChannel
 .text.HAL_TIM_PWM_ConfigChannel
                0x08008f70      0x228 ./Drivers/STM32F7xx_HAL_Driver/Src/stm32f7xx_hal_tim.o
                0x08008f70                HAL_TIM_PWM_ConfigChannel
 .text.HAL_TIM_ConfigClockSource
                0x08009198      0x194 ./Drivers/STM32F7xx_HAL_Driver/Src/stm32f7xx_hal_tim.o
                0x08009198                HAL_TIM_ConfigClockSource
 .text.HAL_TIM_SlaveConfigSynchro
                0x0800932c       0x84 ./Drivers/STM32F7xx_HAL_Driver/Src/stm32f7xx_hal_tim.o
                0x0800932c                HAL_TIM_SlaveConfigSynchro
 .text.TIM_Base_SetConfig
                0x080093b0      0x140 ./Drivers/STM32F7xx_HAL_Driver/Src/stm32f7xx_hal_tim.o
                0x080093b0                TIM_Base_SetConfig
 .text.TIM_OC1_SetConfig
                0x080094f0       0xe4 ./Drivers/STM32F7xx_HAL_Driver/Src/stm32f7xx_hal_tim.o
 .text.TIM_OC2_SetConfig
                0x080095d4       0xf0 ./Drivers/STM32F7xx_HAL_Driver/Src/stm32f7xx_hal_tim.o
                0x080095d4                TIM_OC2_SetConfig
 .text.TIM_OC3_SetConfig
                0x080096c4       0xec ./Drivers/STM32F7xx_HAL_Driver/Src/stm32f7xx_hal_tim.o
 .text.TIM_OC4_SetConfig
                0x080097b0       0xb0 ./Drivers/STM32F7xx_HAL_Driver/Src/stm32f7xx_hal_tim.o
 .text.TIM_OC5_SetConfig
                0x08009860       0xa4 ./Drivers/STM32F7xx_HAL_Driver/Src/stm32f7xx_hal_tim.o
 .text.TIM_OC6_SetConfig
                0x08009904       0xa8 ./Drivers/STM32F7xx_HAL_Driver/Src/stm32f7xx_hal_tim.o
 .text.TIM_SlaveTimer_SetConfig
                0x080099ac      0x128 ./Drivers/STM32F7xx_HAL_Driver/Src/stm32f7xx_hal_tim.o
 .text.TIM_TI1_ConfigInputStage
                0x08009ad4       0x5e ./Drivers/STM32F7xx_HAL_Driver/Src/stm32f7xx_hal_tim.o
 .text.TIM_TI2_ConfigInputStage
                0x08009b32       0x60 ./Drivers/STM32F7xx_HAL_Driver/Src/stm32f7xx_hal_tim.o
 .text.TIM_ITRx_SetConfig
                0x08009b92       0x36 ./Drivers/STM32F7xx_HAL_Driver/Src/stm32f7xx_hal_tim.o
 .text.TIM_ETR_SetConfig
                0x08009bc8       0x40 ./Drivers/STM32F7xx_HAL_Driver/Src/stm32f7xx_hal_tim.o
                0x08009bc8                TIM_ETR_SetConfig
 .text.TIM_CCxChannelCmd
                0x08009c08       0x4a ./Drivers/STM32F7xx_HAL_Driver/Src/stm32f7xx_hal_tim.o
                0x08009c08                TIM_CCxChannelCmd
 *fill*         0x08009c52        0x2 
 .text.HAL_TIMEx_PWMN_Start
                0x08009c54      0x184 ./Drivers/STM32F7xx_HAL_Driver/Src/stm32f7xx_hal_tim_ex.o
                0x08009c54                HAL_TIMEx_PWMN_Start
 .text.HAL_TIMEx_MasterConfigSynchronization
                0x08009dd8      0x11c ./Drivers/STM32F7xx_HAL_Driver/Src/stm32f7xx_hal_tim_ex.o
                0x08009dd8                HAL_TIMEx_MasterConfigSynchronization
 .text.HAL_TIMEx_ConfigBreakDeadTime
                0x08009ef4       0xfc ./Drivers/STM32F7xx_HAL_Driver/Src/stm32f7xx_hal_tim_ex.o
                0x08009ef4                HAL_TIMEx_ConfigBreakDeadTime
 .text.TIM_CCxNChannelCmd
                0x08009ff0       0x4a ./Drivers/STM32F7xx_HAL_Driver/Src/stm32f7xx_hal_tim_ex.o
 .text.HAL_UART_Init
                0x0800a03a       0x9c ./Drivers/STM32F7xx_HAL_Driver/Src/stm32f7xx_hal_uart.o
                0x0800a03a                HAL_UART_Init
 *fill*         0x0800a0d6        0x2 
 .text.UART_SetConfig
                0x0800a0d8      0x4c8 ./Drivers/STM32F7xx_HAL_Driver/Src/stm32f7xx_hal_uart.o
                0x0800a0d8                UART_SetConfig
 .text.UART_AdvFeatureConfig
                0x0800a5a0      0x144 ./Drivers/STM32F7xx_HAL_Driver/Src/stm32f7xx_hal_uart.o
                0x0800a5a0                UART_AdvFeatureConfig
 .text.UART_CheckIdleState
                0x0800a6e4       0x6e ./Drivers/STM32F7xx_HAL_Driver/Src/stm32f7xx_hal_uart.o
                0x0800a6e4                UART_CheckIdleState
 .text.UART_WaitOnFlagUntilTimeout
                0x0800a752      0x18c ./Drivers/STM32F7xx_HAL_Driver/Src/stm32f7xx_hal_uart.o
                0x0800a752                UART_WaitOnFlagUntilTimeout
 .text.HAL_USART_Init
                0x0800a8de       0x94 ./Drivers/STM32F7xx_HAL_Driver/Src/stm32f7xx_hal_usart.o
                0x0800a8de                HAL_USART_Init
 .text.USART_WaitOnFlagUntilTimeout
                0x0800a972       0x6c ./Drivers/STM32F7xx_HAL_Driver/Src/stm32f7xx_hal_usart.o
 *fill*         0x0800a9de        0x2 
 .text.USART_SetConfig
                0x0800a9e0      0x304 ./Drivers/STM32F7xx_HAL_Driver/Src/stm32f7xx_hal_usart.o
 .text.USART_CheckIdleState
                0x0800ace4       0x5a ./Drivers/STM32F7xx_HAL_Driver/Src/stm32f7xx_hal_usart.o
 *fill*         0x0800ad3e        0x2 
 .text.USB_CoreInit
                0x0800ad40       0xb0 ./Drivers/STM32F7xx_HAL_Driver/Src/stm32f7xx_ll_usb.o
                0x0800ad40                USB_CoreInit
 .text.USB_SetTurnaroundTime
                0x0800adf0      0x144 ./Drivers/STM32F7xx_HAL_Driver/Src/stm32f7xx_ll_usb.o
                0x0800adf0                USB_SetTurnaroundTime
 .text.USB_EnableGlobalInt
                0x0800af34       0x22 ./Drivers/STM32F7xx_HAL_Driver/Src/stm32f7xx_ll_usb.o
                0x0800af34                USB_EnableGlobalInt
 .text.USB_DisableGlobalInt
                0x0800af56       0x22 ./Drivers/STM32F7xx_HAL_Driver/Src/stm32f7xx_ll_usb.o
                0x0800af56                USB_DisableGlobalInt
 .text.USB_SetCurrentMode
                0x0800af78       0x98 ./Drivers/STM32F7xx_HAL_Driver/Src/stm32f7xx_ll_usb.o
                0x0800af78                USB_SetCurrentMode
 .text.USB_DevInit
                0x0800b010      0x2bc ./Drivers/STM32F7xx_HAL_Driver/Src/stm32f7xx_ll_usb.o
                0x0800b010                USB_DevInit
 .text.USB_FlushTxFifo
                0x0800b2cc       0x68 ./Drivers/STM32F7xx_HAL_Driver/Src/stm32f7xx_ll_usb.o
                0x0800b2cc                USB_FlushTxFifo
 .text.USB_FlushRxFifo
                0x0800b334       0x60 ./Drivers/STM32F7xx_HAL_Driver/Src/stm32f7xx_ll_usb.o
                0x0800b334                USB_FlushRxFifo
 .text.USB_SetDevSpeed
                0x0800b394       0x32 ./Drivers/STM32F7xx_HAL_Driver/Src/stm32f7xx_ll_usb.o
                0x0800b394                USB_SetDevSpeed
 .text.USB_GetDevSpeed
                0x0800b3c6       0x4a ./Drivers/STM32F7xx_HAL_Driver/Src/stm32f7xx_ll_usb.o
                0x0800b3c6                USB_GetDevSpeed
 .text.USB_ActivateEndpoint
                0x0800b410      0x110 ./Drivers/STM32F7xx_HAL_Driver/Src/stm32f7xx_ll_usb.o
                0x0800b410                USB_ActivateEndpoint
 .text.USB_DeactivateEndpoint
                0x0800b520      0x1b8 ./Drivers/STM32F7xx_HAL_Driver/Src/stm32f7xx_ll_usb.o
                0x0800b520                USB_DeactivateEndpoint
 .text.USB_EPStartXfer
                0x0800b6d8      0x4a0 ./Drivers/STM32F7xx_HAL_Driver/Src/stm32f7xx_ll_usb.o
                0x0800b6d8                USB_EPStartXfer
 .text.USB_EP0StartXfer
                0x0800bb78      0x2b8 ./Drivers/STM32F7xx_HAL_Driver/Src/stm32f7xx_ll_usb.o
                0x0800bb78                USB_EP0StartXfer
 .text.USB_EPStopXfer
                0x0800be30      0x154 ./Drivers/STM32F7xx_HAL_Driver/Src/stm32f7xx_ll_usb.o
                0x0800be30                USB_EPStopXfer
 .text.USB_WritePacket
                0x0800bf84       0x7c ./Drivers/STM32F7xx_HAL_Driver/Src/stm32f7xx_ll_usb.o
                0x0800bf84                USB_WritePacket
 .text.USB_ReadPacket
                0x0800c000       0xb0 ./Drivers/STM32F7xx_HAL_Driver/Src/stm32f7xx_ll_usb.o
                0x0800c000                USB_ReadPacket
 .text.USB_EPSetStall
                0x0800c0b0       0xdc ./Drivers/STM32F7xx_HAL_Driver/Src/stm32f7xx_ll_usb.o
                0x0800c0b0                USB_EPSetStall
 .text.USB_EPClearStall
                0x0800c18c       0xcc ./Drivers/STM32F7xx_HAL_Driver/Src/stm32f7xx_ll_usb.o
                0x0800c18c                USB_EPClearStall
 .text.USB_SetDevAddress
                0x0800c258       0x4c ./Drivers/STM32F7xx_HAL_Driver/Src/stm32f7xx_ll_usb.o
                0x0800c258                USB_SetDevAddress
 .text.USB_DevConnect
                0x0800c2a4       0x42 ./Drivers/STM32F7xx_HAL_Driver/Src/stm32f7xx_ll_usb.o
                0x0800c2a4                USB_DevConnect
 .text.USB_DevDisconnect
                0x0800c2e6       0x42 ./Drivers/STM32F7xx_HAL_Driver/Src/stm32f7xx_ll_usb.o
                0x0800c2e6                USB_DevDisconnect
 .text.USB_ReadInterrupts
                0x0800c328       0x26 ./Drivers/STM32F7xx_HAL_Driver/Src/stm32f7xx_ll_usb.o
                0x0800c328                USB_ReadInterrupts
 .text.USB_ReadDevAllOutEpInterrupt
                0x0800c34e       0x34 ./Drivers/STM32F7xx_HAL_Driver/Src/stm32f7xx_ll_usb.o
                0x0800c34e                USB_ReadDevAllOutEpInterrupt
 .text.USB_ReadDevAllInEpInterrupt
                0x0800c382       0x34 ./Drivers/STM32F7xx_HAL_Driver/Src/stm32f7xx_ll_usb.o
                0x0800c382                USB_ReadDevAllInEpInterrupt
 .text.USB_ReadDevOutEPInterrupt
                0x0800c3b6       0x3c ./Drivers/STM32F7xx_HAL_Driver/Src/stm32f7xx_ll_usb.o
                0x0800c3b6                USB_ReadDevOutEPInterrupt
 .text.USB_ReadDevInEPInterrupt
                0x0800c3f2       0x5c ./Drivers/STM32F7xx_HAL_Driver/Src/stm32f7xx_ll_usb.o
                0x0800c3f2                USB_ReadDevInEPInterrupt
 .text.USB_GetMode
                0x0800c44e       0x1c ./Drivers/STM32F7xx_HAL_Driver/Src/stm32f7xx_ll_usb.o
                0x0800c44e                USB_GetMode
 *fill*         0x0800c46a        0x2 
 .text.USB_ActivateSetup
                0x0800c46c       0x48 ./Drivers/STM32F7xx_HAL_Driver/Src/stm32f7xx_ll_usb.o
                0x0800c46c                USB_ActivateSetup
 .text.USB_EP0_OutStart
                0x0800c4b4       0xbc ./Drivers/STM32F7xx_HAL_Driver/Src/stm32f7xx_ll_usb.o
                0x0800c4b4                USB_EP0_OutStart
 .text.USB_CoreReset
                0x0800c570       0x68 ./Drivers/STM32F7xx_HAL_Driver/Src/stm32f7xx_ll_usb.o
 .text.USBD_CDC_Init
                0x0800c5d8      0x1f0 ./Middlewares/ST/STM32_USB_Device_Library/Class/CDC/Src/usbd_cdc.o
 .text.USBD_CDC_DeInit
                0x0800c7c8      0x104 ./Middlewares/ST/STM32_USB_Device_Library/Class/CDC/Src/usbd_cdc.o
 .text.USBD_CDC_Setup
                0x0800c8cc      0x1b8 ./Middlewares/ST/STM32_USB_Device_Library/Class/CDC/Src/usbd_cdc.o
 .text.USBD_CDC_DataIn
                0x0800ca84       0xfe ./Middlewares/ST/STM32_USB_Device_Library/Class/CDC/Src/usbd_cdc.o
 .text.USBD_CDC_DataOut
                0x0800cb82       0x70 ./Middlewares/ST/STM32_USB_Device_Library/Class/CDC/Src/usbd_cdc.o
 .text.USBD_CDC_EP0_RxReady
                0x0800cbf2       0x74 ./Middlewares/ST/STM32_USB_Device_Library/Class/CDC/Src/usbd_cdc.o
 *fill*         0x0800cc66        0x2 
 .text.USBD_CDC_GetFSCfgDesc
                0x0800cc68       0x70 ./Middlewares/ST/STM32_USB_Device_Library/Class/CDC/Src/usbd_cdc.o
 .text.USBD_CDC_GetHSCfgDesc
                0x0800ccd8       0x70 ./Middlewares/ST/STM32_USB_Device_Library/Class/CDC/Src/usbd_cdc.o
 .text.USBD_CDC_GetOtherSpeedCfgDesc
                0x0800cd48       0x70 ./Middlewares/ST/STM32_USB_Device_Library/Class/CDC/Src/usbd_cdc.o
 .text.USBD_CDC_GetDeviceQualifierDescriptor
                0x0800cdb8       0x20 ./Middlewares/ST/STM32_USB_Device_Library/Class/CDC/Src/usbd_cdc.o
                0x0800cdb8                USBD_CDC_GetDeviceQualifierDescriptor
 .text.USBD_CDC_RegisterInterface
                0x0800cdd8       0x34 ./Middlewares/ST/STM32_USB_Device_Library/Class/CDC/Src/usbd_cdc.o
                0x0800cdd8                USBD_CDC_RegisterInterface
 .text.USBD_CDC_SetTxBuffer
                0x0800ce0c       0x44 ./Middlewares/ST/STM32_USB_Device_Library/Class/CDC/Src/usbd_cdc.o
                0x0800ce0c                USBD_CDC_SetTxBuffer
 .text.USBD_CDC_SetRxBuffer
                0x0800ce50       0x3a ./Middlewares/ST/STM32_USB_Device_Library/Class/CDC/Src/usbd_cdc.o
                0x0800ce50                USBD_CDC_SetRxBuffer
 *fill*         0x0800ce8a        0x2 
 .text.USBD_CDC_TransmitPacket
                0x0800ce8c       0x80 ./Middlewares/ST/STM32_USB_Device_Library/Class/CDC/Src/usbd_cdc.o
                0x0800ce8c                USBD_CDC_TransmitPacket
 .text.USBD_CDC_ReceivePacket
                0x0800cf0c       0x6c ./Middlewares/ST/STM32_USB_Device_Library/Class/CDC/Src/usbd_cdc.o
                0x0800cf0c                USBD_CDC_ReceivePacket
 .text.USBD_Init
                0x0800cf78       0x60 ./Middlewares/ST/STM32_USB_Device_Library/Core/Src/usbd_core.o
                0x0800cf78                USBD_Init
 .text.USBD_RegisterClass
                0x0800cfd8       0x6c ./Middlewares/ST/STM32_USB_Device_Library/Core/Src/usbd_core.o
                0x0800cfd8                USBD_RegisterClass
 .text.USBD_Start
                0x0800d044       0x18 ./Middlewares/ST/STM32_USB_Device_Library/Core/Src/usbd_core.o
                0x0800d044                USBD_Start
 .text.USBD_RunTestMode
                0x0800d05c       0x16 ./Middlewares/ST/STM32_USB_Device_Library/Core/Src/usbd_core.o
                0x0800d05c                USBD_RunTestMode
 .text.USBD_SetClassConfig
                0x0800d072       0x38 ./Middlewares/ST/STM32_USB_Device_Library/Core/Src/usbd_core.o
                0x0800d072                USBD_SetClassConfig
 .text.USBD_ClrClassConfig
                0x0800d0aa       0x34 ./Middlewares/ST/STM32_USB_Device_Library/Core/Src/usbd_core.o
                0x0800d0aa                USBD_ClrClassConfig
 .text.USBD_LL_SetupStage
                0x0800d0de       0xaa ./Middlewares/ST/STM32_USB_Device_Library/Core/Src/usbd_core.o
                0x0800d0de                USBD_LL_SetupStage
 .text.USBD_LL_DataOutStage
                0x0800d188      0x166 ./Middlewares/ST/STM32_USB_Device_Library/Core/Src/usbd_core.o
                0x0800d188                USBD_LL_DataOutStage
 .text.USBD_LL_DataInStage
                0x0800d2ee      0x164 ./Middlewares/ST/STM32_USB_Device_Library/Core/Src/usbd_core.o
                0x0800d2ee                USBD_LL_DataInStage
 .text.USBD_LL_Reset
                0x0800d452       0xa4 ./Middlewares/ST/STM32_USB_Device_Library/Core/Src/usbd_core.o
                0x0800d452                USBD_LL_Reset
 .text.USBD_LL_SetSpeed
                0x0800d4f6       0x20 ./Middlewares/ST/STM32_USB_Device_Library/Core/Src/usbd_core.o
                0x0800d4f6                USBD_LL_SetSpeed
 .text.USBD_LL_Suspend
                0x0800d516       0x2c ./Middlewares/ST/STM32_USB_Device_Library/Core/Src/usbd_core.o
                0x0800d516                USBD_LL_Suspend
 .text.USBD_LL_Resume
                0x0800d542       0x30 ./Middlewares/ST/STM32_USB_Device_Library/Core/Src/usbd_core.o
                0x0800d542                USBD_LL_Resume
 .text.USBD_LL_SOF
                0x0800d572       0x40 ./Middlewares/ST/STM32_USB_Device_Library/Core/Src/usbd_core.o
                0x0800d572                USBD_LL_SOF
 .text.USBD_LL_IsoINIncomplete
                0x0800d5b2       0x64 ./Middlewares/ST/STM32_USB_Device_Library/Core/Src/usbd_core.o
                0x0800d5b2                USBD_LL_IsoINIncomplete
 .text.USBD_LL_IsoOUTIncomplete
                0x0800d616       0x64 ./Middlewares/ST/STM32_USB_Device_Library/Core/Src/usbd_core.o
                0x0800d616                USBD_LL_IsoOUTIncomplete
 .text.USBD_LL_DevConnected
                0x0800d67a       0x16 ./Middlewares/ST/STM32_USB_Device_Library/Core/Src/usbd_core.o
                0x0800d67a                USBD_LL_DevConnected
 .text.USBD_LL_DevDisconnected
                0x0800d690       0x46 ./Middlewares/ST/STM32_USB_Device_Library/Core/Src/usbd_core.o
                0x0800d690                USBD_LL_DevDisconnected
 .text.USBD_CoreFindIF
                0x0800d6d6       0x1a ./Middlewares/ST/STM32_USB_Device_Library/Core/Src/usbd_core.o
                0x0800d6d6                USBD_CoreFindIF
 .text.USBD_CoreFindEP
                0x0800d6f0       0x1a ./Middlewares/ST/STM32_USB_Device_Library/Core/Src/usbd_core.o
                0x0800d6f0                USBD_CoreFindEP
 .text.USBD_GetEpDesc
                0x0800d70a       0x70 ./Middlewares/ST/STM32_USB_Device_Library/Core/Src/usbd_core.o
                0x0800d70a                USBD_GetEpDesc
 .text.USBD_GetNextDesc
                0x0800d77a       0x38 ./Middlewares/ST/STM32_USB_Device_Library/Core/Src/usbd_core.o
                0x0800d77a                USBD_GetNextDesc
 .text.SWAPBYTE
                0x0800d7b2       0x3e ./Middlewares/ST/STM32_USB_Device_Library/Core/Src/usbd_ctlreq.o
 .text.USBD_StdDevReq
                0x0800d7f0       0xe4 ./Middlewares/ST/STM32_USB_Device_Library/Core/Src/usbd_ctlreq.o
                0x0800d7f0                USBD_StdDevReq
 .text.USBD_StdItfReq
                0x0800d8d4       0xd8 ./Middlewares/ST/STM32_USB_Device_Library/Core/Src/usbd_ctlreq.o
                0x0800d8d4                USBD_StdItfReq
 .text.USBD_StdEPReq
                0x0800d9ac      0x33a ./Middlewares/ST/STM32_USB_Device_Library/Core/Src/usbd_ctlreq.o
                0x0800d9ac                USBD_StdEPReq
 *fill*         0x0800dce6        0x2 
 .text.USBD_GetDescriptor
                0x0800dce8      0x328 ./Middlewares/ST/STM32_USB_Device_Library/Core/Src/usbd_ctlreq.o
 .text.USBD_SetAddress
                0x0800e010       0x88 ./Middlewares/ST/STM32_USB_Device_Library/Core/Src/usbd_ctlreq.o
 .text.USBD_SetConfig
                0x0800e098      0x154 ./Middlewares/ST/STM32_USB_Device_Library/Core/Src/usbd_ctlreq.o
 .text.USBD_GetConfig
                0x0800e1ec       0x6c ./Middlewares/ST/STM32_USB_Device_Library/Core/Src/usbd_ctlreq.o
 .text.USBD_GetStatus
                0x0800e258       0x68 ./Middlewares/ST/STM32_USB_Device_Library/Core/Src/usbd_ctlreq.o
 .text.USBD_SetFeature
                0x0800e2c0       0x52 ./Middlewares/ST/STM32_USB_Device_Library/Core/Src/usbd_ctlreq.o
 .text.USBD_ClrFeature
                0x0800e312       0x44 ./Middlewares/ST/STM32_USB_Device_Library/Core/Src/usbd_ctlreq.o
 .text.USBD_ParseSetupRequest
                0x0800e356       0x74 ./Middlewares/ST/STM32_USB_Device_Library/Core/Src/usbd_ctlreq.o
                0x0800e356                USBD_ParseSetupRequest
 .text.USBD_CtlError
                0x0800e3ca       0x22 ./Middlewares/ST/STM32_USB_Device_Library/Core/Src/usbd_ctlreq.o
                0x0800e3ca                USBD_CtlError
 .text.USBD_GetString
                0x0800e3ec       0x8c ./Middlewares/ST/STM32_USB_Device_Library/Core/Src/usbd_ctlreq.o
                0x0800e3ec                USBD_GetString
 .text.USBD_GetLen
                0x0800e478       0x34 ./Middlewares/ST/STM32_USB_Device_Library/Core/Src/usbd_ctlreq.o
 .text.USBD_CtlSendData
                0x0800e4ac       0x36 ./Middlewares/ST/STM32_USB_Device_Library/Core/Src/usbd_ioreq.o
                0x0800e4ac                USBD_CtlSendData
 .text.USBD_CtlContinueSendData
                0x0800e4e2       0x22 ./Middlewares/ST/STM32_USB_Device_Library/Core/Src/usbd_ioreq.o
                0x0800e4e2                USBD_CtlContinueSendData
 .text.USBD_CtlPrepareRx
                0x0800e504       0x3a ./Middlewares/ST/STM32_USB_Device_Library/Core/Src/usbd_ioreq.o
                0x0800e504                USBD_CtlPrepareRx
 .text.USBD_CtlContinueRx
                0x0800e53e       0x22 ./Middlewares/ST/STM32_USB_Device_Library/Core/Src/usbd_ioreq.o
                0x0800e53e                USBD_CtlContinueRx
 .text.USBD_CtlSendStatus
                0x0800e560       0x26 ./Middlewares/ST/STM32_USB_Device_Library/Core/Src/usbd_ioreq.o
                0x0800e560                USBD_CtlSendStatus
 .text.USBD_CtlReceiveStatus
                0x0800e586       0x26 ./Middlewares/ST/STM32_USB_Device_Library/Core/Src/usbd_ioreq.o
                0x0800e586                USBD_CtlReceiveStatus
 .text.MX_USB_DEVICE_Init
                0x0800e5ac       0x60 ./USB_DEVICE/App/usb_device.o
                0x0800e5ac                MX_USB_DEVICE_Init
 .text.CDC_Init_FS
                0x0800e60c       0x28 ./USB_DEVICE/App/usbd_cdc_if.o
 .text.CDC_DeInit_FS
                0x0800e634       0x10 ./USB_DEVICE/App/usbd_cdc_if.o
 .text.CDC_Control_FS
                0x0800e644       0xbc ./USB_DEVICE/App/usbd_cdc_if.o
 .text.CDC_Receive_FS
                0x0800e700       0x44 ./USB_DEVICE/App/usbd_cdc_if.o
 .text.CDC_Transmit_FS
                0x0800e744       0x4c ./USB_DEVICE/App/usbd_cdc_if.o
                0x0800e744                CDC_Transmit_FS
 .text.CDC_TransmitCplt_FS
                0x0800e790       0x22 ./USB_DEVICE/App/usbd_cdc_if.o
 *fill*         0x0800e7b2        0x2 
 .text.USBD_FS_DeviceDescriptor
                0x0800e7b4       0x24 ./USB_DEVICE/App/usbd_desc.o
                0x0800e7b4                USBD_FS_DeviceDescriptor
 .text.USBD_FS_LangIDStrDescriptor
                0x0800e7d8       0x24 ./USB_DEVICE/App/usbd_desc.o
                0x0800e7d8                USBD_FS_LangIDStrDescriptor
 .text.USBD_FS_ProductStrDescriptor
                0x0800e7fc       0x3c ./USB_DEVICE/App/usbd_desc.o
                0x0800e7fc                USBD_FS_ProductStrDescriptor
 .text.USBD_FS_ManufacturerStrDescriptor
                0x0800e838       0x28 ./USB_DEVICE/App/usbd_desc.o
                0x0800e838                USBD_FS_ManufacturerStrDescriptor
 .text.USBD_FS_SerialStrDescriptor
                0x0800e860       0x24 ./USB_DEVICE/App/usbd_desc.o
                0x0800e860                USBD_FS_SerialStrDescriptor
 .text.USBD_FS_ConfigStrDescriptor
                0x0800e884       0x3c ./USB_DEVICE/App/usbd_desc.o
                0x0800e884                USBD_FS_ConfigStrDescriptor
 .text.USBD_FS_InterfaceStrDescriptor
                0x0800e8c0       0x3c ./USB_DEVICE/App/usbd_desc.o
                0x0800e8c0                USBD_FS_InterfaceStrDescriptor
 .text.USBD_FS_USR_BOSDescriptor
                0x0800e8fc       0x24 ./USB_DEVICE/App/usbd_desc.o
                0x0800e8fc                USBD_FS_USR_BOSDescriptor
 .text.Get_SerialNum
                0x0800e920       0x58 ./USB_DEVICE/App/usbd_desc.o
 .text.IntToUnicode
                0x0800e978       0x7e ./USB_DEVICE/App/usbd_desc.o
 *fill*         0x0800e9f6        0x2 
 .text.HAL_PCD_MspInit
                0x0800e9f8      0x104 ./USB_DEVICE/Target/usbd_conf.o
                0x0800e9f8                HAL_PCD_MspInit
 .text.HAL_PCD_SetupStageCallback
                0x0800eafc       0x24 ./USB_DEVICE/Target/usbd_conf.o
                0x0800eafc                HAL_PCD_SetupStageCallback
 .text.HAL_PCD_DataOutStageCallback
                0x0800eb20       0x36 ./USB_DEVICE/Target/usbd_conf.o
                0x0800eb20                HAL_PCD_DataOutStageCallback
 .text.HAL_PCD_DataInStageCallback
                0x0800eb56       0x34 ./USB_DEVICE/Target/usbd_conf.o
                0x0800eb56                HAL_PCD_DataInStageCallback
 .text.HAL_PCD_SOFCallback
                0x0800eb8a       0x1c ./USB_DEVICE/Target/usbd_conf.o
                0x0800eb8a                HAL_PCD_SOFCallback
 .text.HAL_PCD_ResetCallback
                0x0800eba6       0x50 ./USB_DEVICE/Target/usbd_conf.o
                0x0800eba6                HAL_PCD_ResetCallback
 *fill*         0x0800ebf6        0x2 
 .text.HAL_PCD_SuspendCallback
                0x0800ebf8       0x4c ./USB_DEVICE/Target/usbd_conf.o
                0x0800ebf8                HAL_PCD_SuspendCallback
 .text.HAL_PCD_ResumeCallback
                0x0800ec44       0x1c ./USB_DEVICE/Target/usbd_conf.o
                0x0800ec44                HAL_PCD_ResumeCallback
 .text.HAL_PCD_ISOOUTIncompleteCallback
                0x0800ec60       0x24 ./USB_DEVICE/Target/usbd_conf.o
                0x0800ec60                HAL_PCD_ISOOUTIncompleteCallback
 .text.HAL_PCD_ISOINIncompleteCallback
                0x0800ec84       0x24 ./USB_DEVICE/Target/usbd_conf.o
                0x0800ec84                HAL_PCD_ISOINIncompleteCallback
 .text.HAL_PCD_ConnectCallback
                0x0800eca8       0x1c ./USB_DEVICE/Target/usbd_conf.o
                0x0800eca8                HAL_PCD_ConnectCallback
 .text.HAL_PCD_DisconnectCallback
                0x0800ecc4       0x1c ./USB_DEVICE/Target/usbd_conf.o
                0x0800ecc4                HAL_PCD_DisconnectCallback
 .text.USBD_LL_Init
                0x0800ece0       0x98 ./USB_DEVICE/Target/usbd_conf.o
                0x0800ece0                USBD_LL_Init
 .text.USBD_LL_Start
                0x0800ed78       0x36 ./USB_DEVICE/Target/usbd_conf.o
                0x0800ed78                USBD_LL_Start
 .text.USBD_LL_OpenEP
                0x0800edae       0x4c ./USB_DEVICE/Target/usbd_conf.o
                0x0800edae                USBD_LL_OpenEP
 .text.USBD_LL_CloseEP
                0x0800edfa       0x3e ./USB_DEVICE/Target/usbd_conf.o
                0x0800edfa                USBD_LL_CloseEP
 .text.USBD_LL_StallEP
                0x0800ee38       0x3e ./USB_DEVICE/Target/usbd_conf.o
                0x0800ee38                USBD_LL_StallEP
 .text.USBD_LL_ClearStallEP
                0x0800ee76       0x3e ./USB_DEVICE/Target/usbd_conf.o
                0x0800ee76                USBD_LL_ClearStallEP
 .text.USBD_LL_IsStallEP
                0x0800eeb4       0x58 ./USB_DEVICE/Target/usbd_conf.o
                0x0800eeb4                USBD_LL_IsStallEP
 .text.USBD_LL_SetUSBAddress
                0x0800ef0c       0x3e ./USB_DEVICE/Target/usbd_conf.o
                0x0800ef0c                USBD_LL_SetUSBAddress
 .text.USBD_LL_Transmit
                0x0800ef4a       0x42 ./USB_DEVICE/Target/usbd_conf.o
                0x0800ef4a                USBD_LL_Transmit
 .text.USBD_LL_PrepareReceive
                0x0800ef8c       0x42 ./USB_DEVICE/Target/usbd_conf.o
                0x0800ef8c                USBD_LL_PrepareReceive
 .text.USBD_LL_GetRxDataSize
                0x0800efce       0x26 ./USB_DEVICE/Target/usbd_conf.o
                0x0800efce                USBD_LL_GetRxDataSize
 .text.HAL_PCDEx_LPM_Callback
                0x0800eff4       0x9c ./USB_DEVICE/Target/usbd_conf.o
                0x0800eff4                HAL_PCDEx_LPM_Callback
 .text.SystemClockConfig_Resume
                0x0800f090        0xc ./USB_DEVICE/Target/usbd_conf.o
 .text.USBD_Get_USB_Status
                0x0800f09c       0x58 ./USB_DEVICE/Target/usbd_conf.o
                0x0800f09c                USBD_Get_USB_Status
 .text.atoi     0x0800f0f4        0x8 /home/hari/st/stm32cubeide_1.14.0/plugins/com.st.stm32cube.ide.mcu.externaltools.gnu-tools-for-stm32.13.3.rel1.linux64_1.0.0.202410170706/tools/bin/../lib/gcc/arm-none-eabi/13.3.1/../../../../arm-none-eabi/lib/thumb/v7e-m+fp/hard/libc_nano.a(libc_a-atoi.o)
                0x0800f0f4                atoi
 .text.malloc   0x0800f0fc       0x10 /home/hari/st/stm32cubeide_1.14.0/plugins/com.st.stm32cube.ide.mcu.externaltools.gnu-tools-for-stm32.13.3.rel1.linux64_1.0.0.202410170706/tools/bin/../lib/gcc/arm-none-eabi/13.3.1/../../../../arm-none-eabi/lib/thumb/v7e-m+fp/hard/libc_nano.a(libc_a-malloc.o)
                0x0800f0fc                malloc
 .text.free     0x0800f10c       0x10 /home/hari/st/stm32cubeide_1.14.0/plugins/com.st.stm32cube.ide.mcu.externaltools.gnu-tools-for-stm32.13.3.rel1.linux64_1.0.0.202410170706/tools/bin/../lib/gcc/arm-none-eabi/13.3.1/../../../../arm-none-eabi/lib/thumb/v7e-m+fp/hard/libc_nano.a(libc_a-malloc.o)
                0x0800f10c                free
 .text.sbrk_aligned
                0x0800f11c       0x44 /home/hari/st/stm32cubeide_1.14.0/plugins/com.st.stm32cube.ide.mcu.externaltools.gnu-tools-for-stm32.13.3.rel1.linux64_1.0.0.202410170706/tools/bin/../lib/gcc/arm-none-eabi/13.3.1/../../../../arm-none-eabi/lib/thumb/v7e-m+fp/hard/libc_nano.a(libc_a-mallocr.o)
 .text._malloc_r
                0x0800f160      0x100 /home/hari/st/stm32cubeide_1.14.0/plugins/com.st.stm32cube.ide.mcu.externaltools.gnu-tools-for-stm32.13.3.rel1.linux64_1.0.0.202410170706/tools/bin/../lib/gcc/arm-none-eabi/13.3.1/../../../../arm-none-eabi/lib/thumb/v7e-m+fp/hard/libc_nano.a(libc_a-mallocr.o)
                0x0800f160                _malloc_r
 .text.__malloc_lock
                0x0800f260        0xc /home/hari/st/stm32cubeide_1.14.0/plugins/com.st.stm32cube.ide.mcu.externaltools.gnu-tools-for-stm32.13.3.rel1.linux64_1.0.0.202410170706/tools/bin/../lib/gcc/arm-none-eabi/13.3.1/../../../../arm-none-eabi/lib/thumb/v7e-m+fp/hard/libc_nano.a(libc_a-mlock.o)
                0x0800f260                __malloc_lock
 .text.__malloc_unlock
                0x0800f26c        0xc /home/hari/st/stm32cubeide_1.14.0/plugins/com.st.stm32cube.ide.mcu.externaltools.gnu-tools-for-stm32.13.3.rel1.linux64_1.0.0.202410170706/tools/bin/../lib/gcc/arm-none-eabi/13.3.1/../../../../arm-none-eabi/lib/thumb/v7e-m+fp/hard/libc_nano.a(libc_a-mlock.o)
                0x0800f26c                __malloc_unlock
 .text._strtol_l.isra.0
                0x0800f278       0xf4 /home/hari/st/stm32cubeide_1.14.0/plugins/com.st.stm32cube.ide.mcu.externaltools.gnu-tools-for-stm32.13.3.rel1.linux64_1.0.0.202410170706/tools/bin/../lib/gcc/arm-none-eabi/13.3.1/../../../../arm-none-eabi/lib/thumb/v7e-m+fp/hard/libc_nano.a(libc_a-strtol.o)
 .text.strtol   0x0800f36c       0x14 /home/hari/st/stm32cubeide_1.14.0/plugins/com.st.stm32cube.ide.mcu.externaltools.gnu-tools-for-stm32.13.3.rel1.linux64_1.0.0.202410170706/tools/bin/../lib/gcc/arm-none-eabi/13.3.1/../../../../arm-none-eabi/lib/thumb/v7e-m+fp/hard/libc_nano.a(libc_a-strtol.o)
                0x0800f36c                strtol
 .text.memset   0x0800f380       0x10 /home/hari/st/stm32cubeide_1.14.0/plugins/com.st.stm32cube.ide.mcu.externaltools.gnu-tools-for-stm32.13.3.rel1.linux64_1.0.0.202410170706/tools/bin/../lib/gcc/arm-none-eabi/13.3.1/../../../../arm-none-eabi/lib/thumb/v7e-m+fp/hard/libc_nano.a(libc_a-memset.o)
                0x0800f380                memset
 .text._sbrk_r  0x0800f390       0x20 /home/hari/st/stm32cubeide_1.14.0/plugins/com.st.stm32cube.ide.mcu.externaltools.gnu-tools-for-stm32.13.3.rel1.linux64_1.0.0.202410170706/tools/bin/../lib/gcc/arm-none-eabi/13.3.1/../../../../arm-none-eabi/lib/thumb/v7e-m+fp/hard/libc_nano.a(libc_a-sbrkr.o)
                0x0800f390                _sbrk_r
 .text.__errno  0x0800f3b0        0xc /home/hari/st/stm32cubeide_1.14.0/plugins/com.st.stm32cube.ide.mcu.externaltools.gnu-tools-for-stm32.13.3.rel1.linux64_1.0.0.202410170706/tools/bin/../lib/gcc/arm-none-eabi/13.3.1/../../../../arm-none-eabi/lib/thumb/v7e-m+fp/hard/libc_nano.a(libc_a-errno.o)
                0x0800f3b0                __errno
 .text.__libc_init_array
                0x0800f3bc       0x48 /home/hari/st/stm32cubeide_1.14.0/plugins/com.st.stm32cube.ide.mcu.externaltools.gnu-tools-for-stm32.13.3.rel1.linux64_1.0.0.202410170706/tools/bin/../lib/gcc/arm-none-eabi/13.3.1/../../../../arm-none-eabi/lib/thumb/v7e-m+fp/hard/libc_nano.a(libc_a-init.o)
                0x0800f3bc                __libc_init_array
 .text.__retarget_lock_acquire_recursive
                0x0800f404        0x2 /home/hari/st/stm32cubeide_1.14.0/plugins/com.st.stm32cube.ide.mcu.externaltools.gnu-tools-for-stm32.13.3.rel1.linux64_1.0.0.202410170706/tools/bin/../lib/gcc/arm-none-eabi/13.3.1/../../../../arm-none-eabi/lib/thumb/v7e-m+fp/hard/libc_nano.a(libc_a-lock.o)
                0x0800f404                __retarget_lock_acquire_recursive
 .text.__retarget_lock_release_recursive
                0x0800f406        0x2 /home/hari/st/stm32cubeide_1.14.0/plugins/com.st.stm32cube.ide.mcu.externaltools.gnu-tools-for-stm32.13.3.rel1.linux64_1.0.0.202410170706/tools/bin/../lib/gcc/arm-none-eabi/13.3.1/../../../../arm-none-eabi/lib/thumb/v7e-m+fp/hard/libc_nano.a(libc_a-lock.o)
                0x0800f406                __retarget_lock_release_recursive
 .text.memcpy   0x0800f408       0x1c /home/hari/st/stm32cubeide_1.14.0/plugins/com.st.stm32cube.ide.mcu.externaltools.gnu-tools-for-stm32.13.3.rel1.linux64_1.0.0.202410170706/tools/bin/../lib/gcc/arm-none-eabi/13.3.1/../../../../arm-none-eabi/lib/thumb/v7e-m+fp/hard/libc_nano.a(libc_a-memcpy-stub.o)
                0x0800f408                memcpy
 .text._free_r  0x0800f424       0x94 /home/hari/st/stm32cubeide_1.14.0/plugins/com.st.stm32cube.ide.mcu.externaltools.gnu-tools-for-stm32.13.3.rel1.linux64_1.0.0.202410170706/tools/bin/../lib/gcc/arm-none-eabi/13.3.1/../../../../arm-none-eabi/lib/thumb/v7e-m+fp/hard/libc_nano.a(libc_a-freer.o)
                0x0800f424                _free_r
 .text.fmod     0x0800f4b8       0x5c /home/hari/st/stm32cubeide_1.14.0/plugins/com.st.stm32cube.ide.mcu.externaltools.gnu-tools-for-stm32.13.3.rel1.linux64_1.0.0.202410170706/tools/bin/../lib/gcc/arm-none-eabi/13.3.1/../../../../arm-none-eabi/lib/thumb/v7e-m+fp/hard/libm.a(libm_a-w_fmod.o)
                0x0800f4b8                fmod
 .text.pow      0x0800f514       0xe0 /home/hari/st/stm32cubeide_1.14.0/plugins/com.st.stm32cube.ide.mcu.externaltools.gnu-tools-for-stm32.13.3.rel1.linux64_1.0.0.202410170706/tools/bin/../lib/gcc/arm-none-eabi/13.3.1/../../../../arm-none-eabi/lib/thumb/v7e-m+fp/hard/libm.a(libm_a-w_pow.o)
                0x0800f514                pow
 .text.sqrt     0x0800f5f4       0x58 /home/hari/st/stm32cubeide_1.14.0/plugins/com.st.stm32cube.ide.mcu.externaltools.gnu-tools-for-stm32.13.3.rel1.linux64_1.0.0.202410170706/tools/bin/../lib/gcc/arm-none-eabi/13.3.1/../../../../arm-none-eabi/lib/thumb/v7e-m+fp/hard/libm.a(libm_a-w_sqrt.o)
                0x0800f5f4                sqrt
 *fill*         0x0800f64c        0x4 
 .text.sin      0x0800f650       0xa8 /home/hari/st/stm32cubeide_1.14.0/plugins/com.st.stm32cube.ide.mcu.externaltools.gnu-tools-for-stm32.13.3.rel1.linux64_1.0.0.202410170706/tools/bin/../lib/gcc/arm-none-eabi/13.3.1/../../../../arm-none-eabi/lib/thumb/v7e-m+fp/hard/libm.a(libm_a-s_sin.o)
                0x0800f650                sin
 .text.finite   0x0800f6f8       0x16 /home/hari/st/stm32cubeide_1.14.0/plugins/com.st.stm32cube.ide.mcu.externaltools.gnu-tools-for-stm32.13.3.rel1.linux64_1.0.0.202410170706/tools/bin/../lib/gcc/arm-none-eabi/13.3.1/../../../../arm-none-eabi/lib/thumb/v7e-m+fp/hard/libm.a(libm_a-s_finite.o)
                0x0800f6f8                finite
 *fill*         0x0800f70e        0x2 
 .text.__ieee754_sqrt
                0x0800f710      0x1ac /home/hari/st/stm32cubeide_1.14.0/plugins/com.st.stm32cube.ide.mcu.externaltools.gnu-tools-for-stm32.13.3.rel1.linux64_1.0.0.202410170706/tools/bin/../lib/gcc/arm-none-eabi/13.3.1/../../../../arm-none-eabi/lib/thumb/v7e-m+fp/hard/libm.a(libm_a-e_sqrt.o)
                0x0800f710                __ieee754_sqrt
 *fill*         0x0800f8bc        0x4 
 .text.floor    0x0800f8c0       0xf8 /home/hari/st/stm32cubeide_1.14.0/plugins/com.st.stm32cube.ide.mcu.externaltools.gnu-tools-for-stm32.13.3.rel1.linux64_1.0.0.202410170706/tools/bin/../lib/gcc/arm-none-eabi/13.3.1/../../../../arm-none-eabi/lib/thumb/v7e-m+fp/hard/libm.a(libm_a-s_floor.o)
                0x0800f8c0                floor
 .text.__kernel_cos
                0x0800f9b8      0x18c /home/hari/st/stm32cubeide_1.14.0/plugins/com.st.stm32cube.ide.mcu.externaltools.gnu-tools-for-stm32.13.3.rel1.linux64_1.0.0.202410170706/tools/bin/../lib/gcc/arm-none-eabi/13.3.1/../../../../arm-none-eabi/lib/thumb/v7e-m+fp/hard/libm.a(libm_a-k_cos.o)
                0x0800f9b8                __kernel_cos
 *fill*         0x0800fb44        0x4 
 .text.__kernel_sin
                0x0800fb48      0x174 /home/hari/st/stm32cubeide_1.14.0/plugins/com.st.stm32cube.ide.mcu.externaltools.gnu-tools-for-stm32.13.3.rel1.linux64_1.0.0.202410170706/tools/bin/../lib/gcc/arm-none-eabi/13.3.1/../../../../arm-none-eabi/lib/thumb/v7e-m+fp/hard/libm.a(libm_a-k_sin.o)
                0x0800fb48                __kernel_sin
 .text.__ieee754_fmod
                0x0800fcbc      0x210 /home/hari/st/stm32cubeide_1.14.0/plugins/com.st.stm32cube.ide.mcu.externaltools.gnu-tools-for-stm32.13.3.rel1.linux64_1.0.0.202410170706/tools/bin/../lib/gcc/arm-none-eabi/13.3.1/../../../../arm-none-eabi/lib/thumb/v7e-m+fp/hard/libm.a(libm_a-e_fmod.o)
                0x0800fcbc                __ieee754_fmod
 *fill*         0x0800fecc        0x4 
 .text.__ieee754_pow
                0x0800fed0      0xa94 /home/hari/st/stm32cubeide_1.14.0/plugins/com.st.stm32cube.ide.mcu.externaltools.gnu-tools-for-stm32.13.3.rel1.linux64_1.0.0.202410170706/tools/bin/../lib/gcc/arm-none-eabi/13.3.1/../../../../arm-none-eabi/lib/thumb/v7e-m+fp/hard/libm.a(libm_a-e_pow.o)
                0x0800fed0                __ieee754_pow
 *fill*         0x08010964        0x4 
 .text.__ieee754_rem_pio2
                0x08010968      0x3f8 /home/hari/st/stm32cubeide_1.14.0/plugins/com.st.stm32cube.ide.mcu.externaltools.gnu-tools-for-stm32.13.3.rel1.linux64_1.0.0.202410170706/tools/bin/../lib/gcc/arm-none-eabi/13.3.1/../../../../arm-none-eabi/lib/thumb/v7e-m+fp/hard/libm.a(libm_a-e_rem_pio2.o)
                0x08010968                __ieee754_rem_pio2
 .text.fabs     0x08010d60       0x10 /home/hari/st/stm32cubeide_1.14.0/plugins/com.st.stm32cube.ide.mcu.externaltools.gnu-tools-for-stm32.13.3.rel1.linux64_1.0.0.202410170706/tools/bin/../lib/gcc/arm-none-eabi/13.3.1/../../../../arm-none-eabi/lib/thumb/v7e-m+fp/hard/libm.a(libm_a-s_fabs.o)
                0x08010d60                fabs
 .text.scalbn   0x08010d70       0xf4 /home/hari/st/stm32cubeide_1.14.0/plugins/com.st.stm32cube.ide.mcu.externaltools.gnu-tools-for-stm32.13.3.rel1.linux64_1.0.0.202410170706/tools/bin/../lib/gcc/arm-none-eabi/13.3.1/../../../../arm-none-eabi/lib/thumb/v7e-m+fp/hard/libm.a(libm_a-s_scalbn.o)
                0x08010d70                scalbn
 .text.with_errno
                0x08010e64       0x24 /home/hari/st/stm32cubeide_1.14.0/plugins/com.st.stm32cube.ide.mcu.externaltools.gnu-tools-for-stm32.13.3.rel1.linux64_1.0.0.202410170706/tools/bin/../lib/gcc/arm-none-eabi/13.3.1/../../../../arm-none-eabi/lib/thumb/v7e-m+fp/hard/libm.a(libm_a-math_err.o)
 .text.xflow    0x08010e88       0x32 /home/hari/st/stm32cubeide_1.14.0/plugins/com.st.stm32cube.ide.mcu.externaltools.gnu-tools-for-stm32.13.3.rel1.linux64_1.0.0.202410170706/tools/bin/../lib/gcc/arm-none-eabi/13.3.1/../../../../arm-none-eabi/lib/thumb/v7e-m+fp/hard/libm.a(libm_a-math_err.o)
 *fill*         0x08010eba        0x6 
 .text.__math_uflow
                0x08010ec0       0x10 /home/hari/st/stm32cubeide_1.14.0/plugins/com.st.stm32cube.ide.mcu.externaltools.gnu-tools-for-stm32.13.3.rel1.linux64_1.0.0.202410170706/tools/bin/../lib/gcc/arm-none-eabi/13.3.1/../../../../arm-none-eabi/lib/thumb/v7e-m+fp/hard/libm.a(libm_a-math_err.o)
                0x08010ec0                __math_uflow
 .text.__math_oflow
                0x08010ed0       0x10 /home/hari/st/stm32cubeide_1.14.0/plugins/com.st.stm32cube.ide.mcu.externaltools.gnu-tools-for-stm32.13.3.rel1.linux64_1.0.0.202410170706/tools/bin/../lib/gcc/arm-none-eabi/13.3.1/../../../../arm-none-eabi/lib/thumb/v7e-m+fp/hard/libm.a(libm_a-math_err.o)
                0x08010ed0                __math_oflow
 .text.__kernel_rem_pio2
                0x08010ee0      0x6a0 /home/hari/st/stm32cubeide_1.14.0/plugins/com.st.stm32cube.ide.mcu.externaltools.gnu-tools-for-stm32.13.3.rel1.linux64_1.0.0.202410170706/tools/bin/../lib/gcc/arm-none-eabi/13.3.1/../../../../arm-none-eabi/lib/thumb/v7e-m+fp/hard/libm.a(libm_a-k_rem_pio2.o)
                0x08010ee0                __kernel_rem_pio2
 *(.glue_7)
 .glue_7        0x08011580        0x0 linker stubs
 *(.glue_7t)
 .glue_7t       0x08011580        0x0 linker stubs
 *(.eh_frame)
 .eh_frame      0x08011580        0x0 /home/hari/st/stm32cubeide_1.14.0/plugins/com.st.stm32cube.ide.mcu.externaltools.gnu-tools-for-stm32.13.3.rel1.linux64_1.0.0.202410170706/tools/bin/../lib/gcc/arm-none-eabi/13.3.1/thumb/v7e-m+fp/hard/crtbegin.o
 *(.init)
 .init          0x08011580        0x4 /home/hari/st/stm32cubeide_1.14.0/plugins/com.st.stm32cube.ide.mcu.externaltools.gnu-tools-for-stm32.13.3.rel1.linux64_1.0.0.202410170706/tools/bin/../lib/gcc/arm-none-eabi/13.3.1/thumb/v7e-m+fp/hard/crti.o
                0x08011580                _init
 .init          0x08011584        0x8 /home/hari/st/stm32cubeide_1.14.0/plugins/com.st.stm32cube.ide.mcu.externaltools.gnu-tools-for-stm32.13.3.rel1.linux64_1.0.0.202410170706/tools/bin/../lib/gcc/arm-none-eabi/13.3.1/thumb/v7e-m+fp/hard/crtn.o
 *(.fini)
 .fini          0x0801158c        0x4 /home/hari/st/stm32cubeide_1.14.0/plugins/com.st.stm32cube.ide.mcu.externaltools.gnu-tools-for-stm32.13.3.rel1.linux64_1.0.0.202410170706/tools/bin/../lib/gcc/arm-none-eabi/13.3.1/thumb/v7e-m+fp/hard/crti.o
                0x0801158c                _fini
 .fini          0x08011590        0x8 /home/hari/st/stm32cubeide_1.14.0/plugins/com.st.stm32cube.ide.mcu.externaltools.gnu-tools-for-stm32.13.3.rel1.linux64_1.0.0.202410170706/tools/bin/../lib/gcc/arm-none-eabi/13.3.1/thumb/v7e-m+fp/hard/crtn.o
                0x08011598                        . = ALIGN (0x4)
                0x08011598                        _etext = .

.vfp11_veneer   0x08011598        0x0
 .vfp11_veneer  0x08011598        0x0 linker stubs

.v4_bx          0x08011598        0x0
 .v4_bx         0x08011598        0x0 linker stubs

.iplt           0x08011598        0x0
 .iplt          0x08011598        0x0 /home/hari/st/stm32cubeide_1.14.0/plugins/com.st.stm32cube.ide.mcu.externaltools.gnu-tools-for-stm32.13.3.rel1.linux64_1.0.0.202410170706/tools/bin/../lib/gcc/arm-none-eabi/13.3.1/thumb/v7e-m+fp/hard/crtbegin.o

.rodata         0x08011598      0x398
                0x08011598                        . = ALIGN (0x4)
 *(.rodata)
 .rodata        0x08011598       0x46 ./USB_DEVICE/App/usbd_desc.o
 *(.rodata*)
 *fill*         0x080115de        0x2 
 .rodata.AHBPrescTable
                0x080115e0       0x10 ./Core/Src/system_stm32f7xx.o
                0x080115e0                AHBPrescTable
 .rodata.APBPrescTable
                0x080115f0        0x8 ./Core/Src/system_stm32f7xx.o
                0x080115f0                APBPrescTable
 .rodata.flagBitshiftOffset.0
                0x080115f8        0x8 ./Drivers/STM32F7xx_HAL_Driver/Src/stm32f7xx_hal_dma.o
 .rodata._ctype_
                0x08011600      0x101 /home/hari/st/stm32cubeide_1.14.0/plugins/com.st.stm32cube.ide.mcu.externaltools.gnu-tools-for-stm32.13.3.rel1.linux64_1.0.0.202410170706/tools/bin/../lib/gcc/arm-none-eabi/13.3.1/../../../../arm-none-eabi/lib/thumb/v7e-m+fp/hard/libc_nano.a(libc_a-ctype_.o)
                0x08011600                _ctype_
 *fill*         0x08011701        0x7 
 .rodata.tiny   0x08011708        0x8 /home/hari/st/stm32cubeide_1.14.0/plugins/com.st.stm32cube.ide.mcu.externaltools.gnu-tools-for-stm32.13.3.rel1.linux64_1.0.0.202410170706/tools/bin/../lib/gcc/arm-none-eabi/13.3.1/../../../../arm-none-eabi/lib/thumb/v7e-m+fp/hard/libm.a(libm_a-e_sqrt.o)
 .rodata.one    0x08011710        0x8 /home/hari/st/stm32cubeide_1.14.0/plugins/com.st.stm32cube.ide.mcu.externaltools.gnu-tools-for-stm32.13.3.rel1.linux64_1.0.0.202410170706/tools/bin/../lib/gcc/arm-none-eabi/13.3.1/../../../../arm-none-eabi/lib/thumb/v7e-m+fp/hard/libm.a(libm_a-e_sqrt.o)
 .rodata.Zero   0x08011718       0x10 /home/hari/st/stm32cubeide_1.14.0/plugins/com.st.stm32cube.ide.mcu.externaltools.gnu-tools-for-stm32.13.3.rel1.linux64_1.0.0.202410170706/tools/bin/../lib/gcc/arm-none-eabi/13.3.1/../../../../arm-none-eabi/lib/thumb/v7e-m+fp/hard/libm.a(libm_a-e_fmod.o)
 .rodata.dp_l   0x08011728       0x10 /home/hari/st/stm32cubeide_1.14.0/plugins/com.st.stm32cube.ide.mcu.externaltools.gnu-tools-for-stm32.13.3.rel1.linux64_1.0.0.202410170706/tools/bin/../lib/gcc/arm-none-eabi/13.3.1/../../../../arm-none-eabi/lib/thumb/v7e-m+fp/hard/libm.a(libm_a-e_pow.o)
 .rodata.dp_h   0x08011738       0x10 /home/hari/st/stm32cubeide_1.14.0/plugins/com.st.stm32cube.ide.mcu.externaltools.gnu-tools-for-stm32.13.3.rel1.linux64_1.0.0.202410170706/tools/bin/../lib/gcc/arm-none-eabi/13.3.1/../../../../arm-none-eabi/lib/thumb/v7e-m+fp/hard/libm.a(libm_a-e_pow.o)
 .rodata.bp     0x08011748       0x10 /home/hari/st/stm32cubeide_1.14.0/plugins/com.st.stm32cube.ide.mcu.externaltools.gnu-tools-for-stm32.13.3.rel1.linux64_1.0.0.202410170706/tools/bin/../lib/gcc/arm-none-eabi/13.3.1/../../../../arm-none-eabi/lib/thumb/v7e-m+fp/hard/libm.a(libm_a-e_pow.o)
 .rodata.npio2_hw
                0x08011758       0x80 /home/hari/st/stm32cubeide_1.14.0/plugins/com.st.stm32cube.ide.mcu.externaltools.gnu-tools-for-stm32.13.3.rel1.linux64_1.0.0.202410170706/tools/bin/../lib/gcc/arm-none-eabi/13.3.1/../../../../arm-none-eabi/lib/thumb/v7e-m+fp/hard/libm.a(libm_a-e_rem_pio2.o)
 .rodata.two_over_pi
                0x080117d8      0x108 /home/hari/st/stm32cubeide_1.14.0/plugins/com.st.stm32cube.ide.mcu.externaltools.gnu-tools-for-stm32.13.3.rel1.linux64_1.0.0.202410170706/tools/bin/../lib/gcc/arm-none-eabi/13.3.1/../../../../arm-none-eabi/lib/thumb/v7e-m+fp/hard/libm.a(libm_a-e_rem_pio2.o)
 .rodata.PIo2   0x080118e0       0x40 /home/hari/st/stm32cubeide_1.14.0/plugins/com.st.stm32cube.ide.mcu.externaltools.gnu-tools-for-stm32.13.3.rel1.linux64_1.0.0.202410170706/tools/bin/../lib/gcc/arm-none-eabi/13.3.1/../../../../arm-none-eabi/lib/thumb/v7e-m+fp/hard/libm.a(libm_a-k_rem_pio2.o)
 .rodata.init_jk
                0x08011920       0x10 /home/hari/st/stm32cubeide_1.14.0/plugins/com.st.stm32cube.ide.mcu.externaltools.gnu-tools-for-stm32.13.3.rel1.linux64_1.0.0.202410170706/tools/bin/../lib/gcc/arm-none-eabi/13.3.1/../../../../arm-none-eabi/lib/thumb/v7e-m+fp/hard/libm.a(libm_a-k_rem_pio2.o)
                0x08011930                        . = ALIGN (0x4)

.ARM.extab      0x08011930        0x0
                0x08011930                        . = ALIGN (0x4)
 *(.ARM.extab* .gnu.linkonce.armextab.*)
                0x08011930                        . = ALIGN (0x4)

.ARM            0x08011930        0x8
                0x08011930                        . = ALIGN (0x4)
                0x08011930                        __exidx_start = .
 *(.ARM.exidx*)
 .ARM.exidx     0x08011930        0x8 /home/hari/st/stm32cubeide_1.14.0/plugins/com.st.stm32cube.ide.mcu.externaltools.gnu-tools-for-stm32.13.3.rel1.linux64_1.0.0.202410170706/tools/bin/../lib/gcc/arm-none-eabi/13.3.1/thumb/v7e-m+fp/hard/libgcc.a(_udivmoddi4.o)
                0x08011938                        __exidx_end = .
                0x08011938                        . = ALIGN (0x4)

.rel.dyn        0x08011938        0x0
 .rel.iplt      0x08011938        0x0 /home/hari/st/stm32cubeide_1.14.0/plugins/com.st.stm32cube.ide.mcu.externaltools.gnu-tools-for-stm32.13.3.rel1.linux64_1.0.0.202410170706/tools/bin/../lib/gcc/arm-none-eabi/13.3.1/thumb/v7e-m+fp/hard/crtbegin.o

.preinit_array  0x08011938        0x0
                0x08011938                        . = ALIGN (0x4)
                0x08011938                        PROVIDE (__preinit_array_start = .)
 *(.preinit_array*)
                0x08011938                        PROVIDE (__preinit_array_end = .)
                0x08011938                        . = ALIGN (0x4)

.init_array     0x08011938        0x4
                0x08011938                        . = ALIGN (0x4)
                0x08011938                        PROVIDE (__init_array_start = .)
 *(SORT_BY_NAME(.init_array.*))
 *(.init_array*)
 .init_array    0x08011938        0x4 /home/hari/st/stm32cubeide_1.14.0/plugins/com.st.stm32cube.ide.mcu.externaltools.gnu-tools-for-stm32.13.3.rel1.linux64_1.0.0.202410170706/tools/bin/../lib/gcc/arm-none-eabi/13.3.1/thumb/v7e-m+fp/hard/crtbegin.o
                0x0801193c                        PROVIDE (__init_array_end = .)
                0x0801193c                        . = ALIGN (0x4)

.fini_array     0x0801193c        0x4
                0x0801193c                        . = ALIGN (0x4)
                [!provide]                        PROVIDE (__fini_array_start = .)
 *(SORT_BY_NAME(.fini_array.*))
 *(.fini_array*)
 .fini_array    0x0801193c        0x4 /home/hari/st/stm32cubeide_1.14.0/plugins/com.st.stm32cube.ide.mcu.externaltools.gnu-tools-for-stm32.13.3.rel1.linux64_1.0.0.202410170706/tools/bin/../lib/gcc/arm-none-eabi/13.3.1/thumb/v7e-m+fp/hard/crtbegin.o
                [!provide]                        PROVIDE (__fini_array_end = .)
                0x08011940                        . = ALIGN (0x4)
                0x08011940                        _sidata = LOADADDR (.data)

.data           0x20000000      0x188 load address 0x08011940
                0x20000000                        . = ALIGN (0x4)
                0x20000000                        _sdata = .
 *(.data)
 *(.data*)
 .data.pid_K    0x20000000        0x4 ./Core/Src/main.o
                0x20000000                pid_K
 .data.pid_kd   0x20000004        0x4 ./Core/Src/main.o
                0x20000004                pid_kd
 .data.pid2_K   0x20000008        0x4 ./Core/Src/main.o
                0x20000008                pid2_K
 .data.pid2_kd  0x2000000c        0x4 ./Core/Src/main.o
                0x2000000c                pid2_kd
 .data.Galvo1_target
                0x20000010        0x6 ./Core/Src/main.o
                0x20000010                Galvo1_target
 *fill*         0x20000016        0x2 
 .data.Galvo2_target
                0x20000018        0x6 ./Core/Src/main.o
                0x20000018                Galvo2_target
 .data.target_position1
                0x2000001e        0x2 ./Core/Src/main.o
                0x2000001e                target_position1
 .data.target_position2
                0x20000020        0x2 ./Core/Src/main.o
                0x20000020                target_position2
 *fill*         0x20000022        0x2 
 .data.Laser_t  0x20000024        0x4 ./Core/Src/main.o
                0x20000024                Laser_t
 .data.temp1    0x20000028        0x2 ./Core/Src/main.o
                0x20000028                temp1
 .data.temp2    0x2000002a        0x2 ./Core/Src/main.o
                0x2000002a                temp2
 .data.SystemCoreClock
                0x2000002c        0x4 ./Core/Src/system_stm32f7xx.o
                0x2000002c                SystemCoreClock
 .data.uwTickPrio
                0x20000030        0x4 ./Drivers/STM32F7xx_HAL_Driver/Src/stm32f7xx_hal.o
                0x20000030                uwTickPrio
 .data.uwTickFreq
                0x20000034        0x1 ./Drivers/STM32F7xx_HAL_Driver/Src/stm32f7xx_hal.o
                0x20000034                uwTickFreq
 *fill*         0x20000035        0x3 
 .data.USBD_CDC_DeviceQualifierDesc
                0x20000038        0xa ./Middlewares/ST/STM32_USB_Device_Library/Class/CDC/Src/usbd_cdc.o
 *fill*         0x20000042        0x2 
 .data.USBD_CDC
                0x20000044       0x38 ./Middlewares/ST/STM32_USB_Device_Library/Class/CDC/Src/usbd_cdc.o
                0x20000044                USBD_CDC
 .data.USBD_CDC_CfgDesc
                0x2000007c       0x43 ./Middlewares/ST/STM32_USB_Device_Library/Class/CDC/Src/usbd_cdc.o
 .data.CDCInEpAdd
                0x200000bf        0x1 ./Middlewares/ST/STM32_USB_Device_Library/Class/CDC/Src/usbd_cdc.o
 .data.CDCOutEpAdd
                0x200000c0        0x1 ./Middlewares/ST/STM32_USB_Device_Library/Class/CDC/Src/usbd_cdc.o
 .data.CDCCmdEpAdd
                0x200000c1        0x1 ./Middlewares/ST/STM32_USB_Device_Library/Class/CDC/Src/usbd_cdc.o
 *fill*         0x200000c2        0x2 
 .data.USBD_Interface_fops_FS
                0x200000c4       0x14 ./USB_DEVICE/App/usbd_cdc_if.o
                0x200000c4                USBD_Interface_fops_FS
 .data.FS_Desc  0x200000d8       0x20 ./USB_DEVICE/App/usbd_desc.o
                0x200000d8                FS_Desc
 .data.USBD_FS_DeviceDesc
                0x200000f8       0x12 ./USB_DEVICE/App/usbd_desc.o
                0x200000f8                USBD_FS_DeviceDesc
 *fill*         0x2000010a        0x2 
 .data.USBD_FS_BOSDesc
                0x2000010c        0xc ./USB_DEVICE/App/usbd_desc.o
                0x2000010c                USBD_FS_BOSDesc
 .data.USBD_LangIDDesc
                0x20000118        0x4 ./USB_DEVICE/App/usbd_desc.o
                0x20000118                USBD_LangIDDesc
 .data.USBD_StringSerial
                0x2000011c       0x1a ./USB_DEVICE/App/usbd_desc.o
                0x2000011c                USBD_StringSerial
 *fill*         0x20000136        0x2 
 .data._impure_ptr
                0x20000138        0x4 /home/hari/st/stm32cubeide_1.14.0/plugins/com.st.stm32cube.ide.mcu.externaltools.gnu-tools-for-stm32.13.3.rel1.linux64_1.0.0.202410170706/tools/bin/../lib/gcc/arm-none-eabi/13.3.1/../../../../arm-none-eabi/lib/thumb/v7e-m+fp/hard/libc_nano.a(libc_a-impure.o)
                0x20000138                _impure_ptr
 .data._impure_data
                0x2000013c       0x4c /home/hari/st/stm32cubeide_1.14.0/plugins/com.st.stm32cube.ide.mcu.externaltools.gnu-tools-for-stm32.13.3.rel1.linux64_1.0.0.202410170706/tools/bin/../lib/gcc/arm-none-eabi/13.3.1/../../../../arm-none-eabi/lib/thumb/v7e-m+fp/hard/libc_nano.a(libc_a-impure.o)
                0x2000013c                _impure_data
 *(.RamFunc)
 *(.RamFunc*)
                0x20000188                        . = ALIGN (0x4)
                0x20000188                        _edata = .

.igot.plt       0x20000188        0x0 load address 0x08011ac8
 .igot.plt      0x20000188        0x0 /home/hari/st/stm32cubeide_1.14.0/plugins/com.st.stm32cube.ide.mcu.externaltools.gnu-tools-for-stm32.13.3.rel1.linux64_1.0.0.202410170706/tools/bin/../lib/gcc/arm-none-eabi/13.3.1/thumb/v7e-m+fp/hard/crtbegin.o
                0x20000188                        . = ALIGN (0x4)

.bss            0x20000188     0x20ac load address 0x08011ac8
                0x20000188                        _sbss = .
                0x20000188                        __bss_start__ = _sbss
 *(.bss)
 .bss           0x20000188       0x1c /home/hari/st/stm32cubeide_1.14.0/plugins/com.st.stm32cube.ide.mcu.externaltools.gnu-tools-for-stm32.13.3.rel1.linux64_1.0.0.202410170706/tools/bin/../lib/gcc/arm-none-eabi/13.3.1/thumb/v7e-m+fp/hard/crtbegin.o
 *(.bss*)
 .bss.hadc1     0x200001a4       0x48 ./Core/Src/main.o
                0x200001a4                hadc1
 .bss.hadc3     0x200001ec       0x48 ./Core/Src/main.o
                0x200001ec                hadc3
 .bss.hdma_adc3
                0x20000234       0x60 ./Core/Src/main.o
                0x20000234                hdma_adc3
 .bss.hcan1     0x20000294       0x28 ./Core/Src/main.o
                0x20000294                hcan1
 .bss.hdac      0x200002bc       0x14 ./Core/Src/main.o
                0x200002bc                hdac
 .bss.hsmbus2   0x200002d0       0x50 ./Core/Src/main.o
                0x200002d0                hsmbus2
 .bss.htim1     0x20000320       0x4c ./Core/Src/main.o
                0x20000320                htim1
 .bss.htim2     0x2000036c       0x4c ./Core/Src/main.o
                0x2000036c                htim2
 .bss.htim3     0x200003b8       0x4c ./Core/Src/main.o
                0x200003b8                htim3
 .bss.htim4     0x20000404       0x4c ./Core/Src/main.o
                0x20000404                htim4
 .bss.htim5     0x20000450       0x4c ./Core/Src/main.o
                0x20000450                htim5
 .bss.htim8     0x2000049c       0x4c ./Core/Src/main.o
                0x2000049c                htim8
 .bss.htim12    0x200004e8       0x4c ./Core/Src/main.o
                0x200004e8                htim12
 .bss.husart2   0x20000534       0x50 ./Core/Src/main.o
                0x20000534                husart2
 .bss.huart3    0x20000584       0x88 ./Core/Src/main.o
                0x20000584                huart3
 .bss.encoder1  0x2000060c        0x2 ./Core/Src/main.o
                0x2000060c                encoder1
 .bss.encoder2  0x2000060e        0x2 ./Core/Src/main.o
                0x2000060e                encoder2
 .bss.current_position
                0x20000610        0x4 ./Core/Src/main.o
                0x20000610                current_position
 .bss.Torq_const
                0x20000614        0x4 ./Core/Src/main.o
                0x20000614                Torq_const
 .bss.Torq_const2
                0x20000618        0x4 ./Core/Src/main.o
                0x20000618                Torq_const2
 .bss.time_base
                0x2000061c        0x4 ./Core/Src/main.o
                0x2000061c                time_base
 .bss.t1        0x20000620        0x4 ./Core/Src/main.o
                0x20000620                t1
 .bss.t2        0x20000624        0x4 ./Core/Src/main.o
                0x20000624                t2
 .bss.time_step
                0x20000628        0x4 ./Core/Src/main.o
                0x20000628                time_step
 .bss.move_time_base